Archive member included to satisfy reference by file (symbol)

/opt/st/stm32cubeide_1.6.1_2/plugins/com.st.stm32cube.ide.mcu.externaltools.gnu-tools-for-stm32.9-2020-q2-update.linux64_1.5.0.202011040924/tools/bin/../lib/gcc/arm-none-eabi/9.3.1/../../../../arm-none-eabi/lib/thumb/v7e-m+fp/hard/libstdc++_nano.a(pure.o)
                              Core/Src/mainpp.o (__cxa_pure_virtual)
/opt/st/stm32cubeide_1.6.1_2/plugins/com.st.stm32cube.ide.mcu.externaltools.gnu-tools-for-stm32.9-2020-q2-update.linux64_1.5.0.202011040924/tools/bin/../lib/gcc/arm-none-eabi/9.3.1/../../../../arm-none-eabi/lib/thumb/v7e-m+fp/hard/libstdc++_nano.a(eh_terminate.o)
                              /opt/st/stm32cubeide_1.6.1_2/plugins/com.st.stm32cube.ide.mcu.externaltools.gnu-tools-for-stm32.9-2020-q2-update.linux64_1.5.0.202011040924/tools/bin/../lib/gcc/arm-none-eabi/9.3.1/../../../../arm-none-eabi/lib/thumb/v7e-m+fp/hard/libstdc++_nano.a(pure.o) (std::terminate())
/opt/st/stm32cubeide_1.6.1_2/plugins/com.st.stm32cube.ide.mcu.externaltools.gnu-tools-for-stm32.9-2020-q2-update.linux64_1.5.0.202011040924/tools/bin/../lib/gcc/arm-none-eabi/9.3.1/../../../../arm-none-eabi/lib/thumb/v7e-m+fp/hard/libstdc++_nano.a(eh_unex_handler.o)
                              /opt/st/stm32cubeide_1.6.1_2/plugins/com.st.stm32cube.ide.mcu.externaltools.gnu-tools-for-stm32.9-2020-q2-update.linux64_1.5.0.202011040924/tools/bin/../lib/gcc/arm-none-eabi/9.3.1/../../../../arm-none-eabi/lib/thumb/v7e-m+fp/hard/libstdc++_nano.a(eh_terminate.o) (__cxxabiv1::__unexpected_handler)
/opt/st/stm32cubeide_1.6.1_2/plugins/com.st.stm32cube.ide.mcu.externaltools.gnu-tools-for-stm32.9-2020-q2-update.linux64_1.5.0.202011040924/tools/bin/../lib/gcc/arm-none-eabi/9.3.1/../../../../arm-none-eabi/lib/thumb/v7e-m+fp/hard/libstdc++_nano.a(eh_term_handler.o)
                              /opt/st/stm32cubeide_1.6.1_2/plugins/com.st.stm32cube.ide.mcu.externaltools.gnu-tools-for-stm32.9-2020-q2-update.linux64_1.5.0.202011040924/tools/bin/../lib/gcc/arm-none-eabi/9.3.1/../../../../arm-none-eabi/lib/thumb/v7e-m+fp/hard/libstdc++_nano.a(eh_terminate.o) (__cxxabiv1::__terminate_handler)
/opt/st/stm32cubeide_1.6.1_2/plugins/com.st.stm32cube.ide.mcu.externaltools.gnu-tools-for-stm32.9-2020-q2-update.linux64_1.5.0.202011040924/tools/bin/../lib/gcc/arm-none-eabi/9.3.1/../../../../arm-none-eabi/lib/thumb/v7e-m+fp/hard/libc_nano.a(lib_a-abort.o)
                              /opt/st/stm32cubeide_1.6.1_2/plugins/com.st.stm32cube.ide.mcu.externaltools.gnu-tools-for-stm32.9-2020-q2-update.linux64_1.5.0.202011040924/tools/bin/../lib/gcc/arm-none-eabi/9.3.1/../../../../arm-none-eabi/lib/thumb/v7e-m+fp/hard/libstdc++_nano.a(eh_terminate.o) (abort)
/opt/st/stm32cubeide_1.6.1_2/plugins/com.st.stm32cube.ide.mcu.externaltools.gnu-tools-for-stm32.9-2020-q2-update.linux64_1.5.0.202011040924/tools/bin/../lib/gcc/arm-none-eabi/9.3.1/../../../../arm-none-eabi/lib/thumb/v7e-m+fp/hard/libc_nano.a(lib_a-errno.o)
                              Core/Src/syscalls.o (__errno)
/opt/st/stm32cubeide_1.6.1_2/plugins/com.st.stm32cube.ide.mcu.externaltools.gnu-tools-for-stm32.9-2020-q2-update.linux64_1.5.0.202011040924/tools/bin/../lib/gcc/arm-none-eabi/9.3.1/../../../../arm-none-eabi/lib/thumb/v7e-m+fp/hard/libc_nano.a(lib_a-exit.o)
                              /opt/st/stm32cubeide_1.6.1_2/plugins/com.st.stm32cube.ide.mcu.externaltools.gnu-tools-for-stm32.9-2020-q2-update.linux64_1.5.0.202011040924/tools/bin/../lib/gcc/arm-none-eabi/9.3.1/../../../../arm-none-eabi/lib/thumb/v7e-m+fp/hard/crt0.o (exit)
/opt/st/stm32cubeide_1.6.1_2/plugins/com.st.stm32cube.ide.mcu.externaltools.gnu-tools-for-stm32.9-2020-q2-update.linux64_1.5.0.202011040924/tools/bin/../lib/gcc/arm-none-eabi/9.3.1/../../../../arm-none-eabi/lib/thumb/v7e-m+fp/hard/libc_nano.a(lib_a-impure.o)
                              /opt/st/stm32cubeide_1.6.1_2/plugins/com.st.stm32cube.ide.mcu.externaltools.gnu-tools-for-stm32.9-2020-q2-update.linux64_1.5.0.202011040924/tools/bin/../lib/gcc/arm-none-eabi/9.3.1/../../../../arm-none-eabi/lib/thumb/v7e-m+fp/hard/libc_nano.a(lib_a-exit.o) (_global_impure_ptr)
/opt/st/stm32cubeide_1.6.1_2/plugins/com.st.stm32cube.ide.mcu.externaltools.gnu-tools-for-stm32.9-2020-q2-update.linux64_1.5.0.202011040924/tools/bin/../lib/gcc/arm-none-eabi/9.3.1/../../../../arm-none-eabi/lib/thumb/v7e-m+fp/hard/libc_nano.a(lib_a-init.o)
                              /opt/st/stm32cubeide_1.6.1_2/plugins/com.st.stm32cube.ide.mcu.externaltools.gnu-tools-for-stm32.9-2020-q2-update.linux64_1.5.0.202011040924/tools/bin/../lib/gcc/arm-none-eabi/9.3.1/../../../../arm-none-eabi/lib/thumb/v7e-m+fp/hard/crt0.o (__libc_init_array)
/opt/st/stm32cubeide_1.6.1_2/plugins/com.st.stm32cube.ide.mcu.externaltools.gnu-tools-for-stm32.9-2020-q2-update.linux64_1.5.0.202011040924/tools/bin/../lib/gcc/arm-none-eabi/9.3.1/../../../../arm-none-eabi/lib/thumb/v7e-m+fp/hard/libc_nano.a(lib_a-memcpy-stub.o)
                              Core/Src/bno055.o (memcpy)
[...]
Memory Configuration

Name             Origin             Length             Attributes
RAM              0x0000000020000000 0x0000000000020000 xrw
FLASH            0x0000000008000000 0x0000000000080000 xr
*default*        0x0000000000000000 0xffffffffffffffff

Linker script and memory map

LOAD /opt/st/stm32cubeide_1.6.1_2/plugins/com.st.stm32cube.ide.mcu.externaltools.gnu-tools-for-stm32.9-2020-q2-update.linux64_1.5.0.202011040924/tools/bin/../lib/gcc/arm-none-eabi/9.3.1/thumb/v7e-m+fp/hard/crti.o
LOAD /opt/st/stm32cubeide_1.6.1_2/plugins/com.st.stm32cube.ide.mcu.externaltools.gnu-tools-for-stm32.9-2020-q2-update.linux64_1.5.0.202011040924/tools/bin/../lib/gcc/arm-none-eabi/9.3.1/thumb/v7e-m+fp/hard/crtbegin.o
LOAD /opt/st/stm32cubeide_1.6.1_2/plugins/com.st.stm32cube.ide.mcu.externaltools.gnu-tools-for-stm32.9-2020-q2-update.linux64_1.5.0.202011040924/tools/bin/../lib/gcc/arm-none-eabi/9.3.1/../../../../arm-none-eabi/lib/thumb/v7e-m+fp/hard/crt0.o
LOAD Core/Inc/ROS-lib/duration.o
LOAD Core/Inc/ROS-lib/time.o
LOAD Core/Src/Dynamixel_Serial.o
LOAD Core/Src/VL53L0x.o
LOAD Core/Src/bno055.o
LOAD Core/Src/cycle_queue_multi_array.o
LOAD Core/Src/dma.o
LOAD Core/Src/gpio.o
LOAD Core/Src/i2c.o
LOAD Core/Src/main.o
LOAD Core/Src/mainpp.o
LOAD Core/Src/momiu.o
LOAD Core/Src/stm32f4xx_hal_msp.o
LOAD Core/Src/stm32f4xx_it.o
LOAD Core/Src/syscalls.o
LOAD Core/Src/sysmem.o
LOAD Core/Src/system_stm32f4xx.o
LOAD Core/Src/tim.o
LOAD Core/Src/usart.o
LOAD Core/Startup/startup_stm32f411retx.o
LOAD Drivers/STM32F4xx_HAL_Driver/Src/stm32f4xx_hal.o
LOAD Drivers/STM32F4xx_HAL_Driver/Src/stm32f4xx_hal_cortex.o
LOAD Drivers/STM32F4xx_HAL_Driver/Src/stm32f4xx_hal_dma.o
LOAD Drivers/STM32F4xx_HAL_Driver/Src/stm32f4xx_hal_dma_ex.o
LOAD Drivers/STM32F4xx_HAL_Driver/Src/stm32f4xx_hal_exti.o
LOAD Drivers/STM32F4xx_HAL_Driver/Src/stm32f4xx_hal_flash.o
LOAD Drivers/STM32F4xx_HAL_Driver/Src/stm32f4xx_hal_flash_ex.o
LOAD Drivers/STM32F4xx_HAL_Driver/Src/stm32f4xx_hal_flash_ramfunc.o
LOAD Drivers/STM32F4xx_HAL_Driver/Src/stm32f4xx_hal_gpio.o
LOAD Drivers/STM32F4xx_HAL_Driver/Src/stm32f4xx_hal_i2c.o
LOAD Drivers/STM32F4xx_HAL_Driver/Src/stm32f4xx_hal_i2c_ex.o
LOAD Drivers/STM32F4xx_HAL_Driver/Src/stm32f4xx_hal_pwr.o
LOAD Drivers/STM32F4xx_HAL_Driver/Src/stm32f4xx_hal_pwr_ex.o
LOAD Drivers/STM32F4xx_HAL_Driver/Src/stm32f4xx_hal_rcc.o
LOAD Drivers/STM32F4xx_HAL_Driver/Src/stm32f4xx_hal_rcc_ex.o
LOAD Drivers/STM32F4xx_HAL_Driver/Src/stm32f4xx_hal_tim.o
LOAD Drivers/STM32F4xx_HAL_Driver/Src/stm32f4xx_hal_tim_ex.o
LOAD Drivers/STM32F4xx_HAL_Driver/Src/stm32f4xx_hal_uart.o
START GROUP
LOAD /opt/st/stm32cubeide_1.6.1_2/plugins/com.st.stm32cube.ide.mcu.externaltools.gnu-tools-for-stm32.9-2020-q2-update.linux64_1.5.0.202011040924/tools/bin/../lib/gcc/arm-none-eabi/9.3.1/../../../../arm-none-eabi/lib/thumb/v7e-m+fp/hard/libstdc++_nano.a
LOAD /opt/st/stm32cubeide_1.6.1_2/plugins/com.st.stm32cube.ide.mcu.externaltools.gnu-tools-for-stm32.9-2020-q2-update.linux64_1.5.0.202011040924/tools/bin/../lib/gcc/arm-none-eabi/9.3.1/../../../../arm-none-eabi/lib/thumb/v7e-m+fp/hard/libsupc++_nano.a
END GROUP
LOAD /opt/st/stm32cubeide_1.6.1_2/plugins/com.st.stm32cube.ide.mcu.externaltools.gnu-tools-for-stm32.9-2020-q2-update.linux64_1.5.0.202011040924/tools/bin/../lib/gcc/arm-none-eabi/9.3.1/../../../../arm-none-eabi/lib/thumb/v7e-m+fp/hard/libstdc++_nano.a
LOAD /opt/st/stm32cubeide_1.6.1_2/plugins/com.st.stm32cube.ide.mcu.externaltools.gnu-tools-for-stm32.9-2020-q2-update.linux64_1.5.0.202011040924/tools/bin/../lib/gcc/arm-none-eabi/9.3.1/../../../../arm-none-eabi/lib/thumb/v7e-m+fp/hard/libm.a
LOAD /opt/st/stm32cubeide_1.6.1_2/plugins/com.st.stm32cube.ide.mcu.externaltools.gnu-tools-for-stm32.9-2020-q2-update.linux64_1.5.0.202011040924/tools/bin/../lib/gcc/arm-none-eabi/9.3.1/../../../../arm-none-eabi/lib/thumb/v7e-m+fp/hard/libc_nano.a
START GROUP
LOAD /opt/st/stm32cubeide_1.6.1_2/plugins/com.st.stm32cube.ide.mcu.externaltools.gnu-tools-for-stm32.9-2020-q2-update.linux64_1.5.0.202011040924/tools/bin/../lib/gcc/arm-none-eabi/9.3.1/thumb/v7e-m+fp/hard/libgcc.a
LOAD /opt/st/stm32cubeide_1.6.1_2/plugins/com.st.stm32cube.ide.mcu.externaltools.gnu-tools-for-stm32.9-2020-q2-update.linux64_1.5.0.202011040924/tools/bin/../lib/gcc/arm-none-eabi/9.3.1/../../../../arm-none-eabi/lib/thumb/v7e-m+fp/hard/libc_nano.a
END GROUP
START GROUP
LOAD /opt/st/stm32cubeide_1.6.1_2/plugins/com.st.stm32cube.ide.mcu.externaltools.gnu-tools-for-stm32.9-2020-q2-update.linux64_1.5.0.202011040924/tools/bin/../lib/gcc/arm-none-eabi/9.3.1/thumb/v7e-m+fp/hard/libgcc.a
LOAD /opt/st/stm32cubeide_1.6.1_2/plugins/com.st.stm32cube.ide.mcu.externaltools.gnu-tools-for-stm32.9-2020-q2-update.linux64_1.5.0.202011040924/tools/bin/../lib/gcc/arm-none-eabi/9.3.1/../../../../arm-none-eabi/lib/thumb/v7e-m+fp/hard/libc_nano.a
LOAD /opt/st/stm32cubeide_1.6.1_2/plugins/com.st.stm32cube.ide.mcu.externaltools.gnu-tools-for-stm32.9-2020-q2-update.linux64_1.5.0.202011040924/tools/bin/../lib/gcc/arm-none-eabi/9.3.1/../../../../arm-none-eabi/lib/thumb/v7e-m+fp/hard/libnosys.a
END GROUP
START GROUP
LOAD /opt/st/stm32cubeide_1.6.1_2/plugins/com.st.stm32cube.ide.mcu.externaltools.gnu-tools-for-stm32.9-2020-q2-update.linux64_1.5.0.202011040924/tools/bin/../lib/gcc/arm-none-eabi/9.3.1/thumb/v7e-m+fp/hard/libgcc.a
LOAD /opt/st/stm32cubeide_1.6.1_2/plugins/com.st.stm32cube.ide.mcu.externaltools.gnu-tools-for-stm32.9-2020-q2-update.linux64_1.5.0.202011040924/tools/bin/../lib/gcc/arm-none-eabi/9.3.1/../../../../arm-none-eabi/lib/thumb/v7e-m+fp/hard/libc_nano.a
LOAD /opt/st/stm32cubeide_1.6.1_2/plugins/com.st.stm32cube.ide.mcu.externaltools.gnu-tools-for-stm32.9-2020-q2-update.linux64_1.5.0.202011040924/tools/bin/../lib/gcc/arm-none-eabi/9.3.1/../../../../arm-none-eabi/lib/thumb/v7e-m+fp/hard/libnosys.a
END GROUP
LOAD /opt/st/stm32cubeide_1.6.1_2/plugins/com.st.stm32cube.ide.mcu.externaltools.gnu-tools-for-stm32.9-2020-q2-update.linux64_1.5.0.202011040924/tools/bin/../lib/gcc/arm-none-eabi/9.3.1/thumb/v7e-m+fp/hard/crtend.o
LOAD /opt/st/stm32cubeide_1.6.1_2/plugins/com.st.stm32cube.ide.mcu.externaltools.gnu-tools-for-stm32.9-2020-q2-update.linux64_1.5.0.202011040924/tools/bin/../lib/gcc/arm-none-eabi/9.3.1/thumb/v7e-m+fp/hard/crtn.o
                0x0000000020020000                _estack = (ORIGIN (RAM) + LENGTH (RAM))
                0x0000000000000200                _Min_Heap_Size = 0x200
                0x0000000000000400                _Min_Stack_Size = 0x400

.isr_vector     0x0000000008000000      0x198
                0x0000000008000000                . = ALIGN (0x4)
 *(.isr_vector)
 .isr_vector    0x0000000008000000      0x198 Core/Startup/startup_stm32f411retx.o
                0x0000000008000000                g_pfnVectors
                0x0000000008000198                . = ALIGN (0x4)

.text           0x00000000080001a0     0xf72c
                0x00000000080001a0                . = ALIGN (0x4)
 *(.text)
 .text          0x00000000080001a0       0x40 /opt/st/stm32cubeide_1.6.1_2/plugins/com.st.stm32cube.ide.mcu.externaltools.gnu-tools-for-stm32.9-2020-q2-update.linux64_1.5.0.202011040924/tools/bin/../lib/gcc/arm-none-eabi/9.3.1/thumb/v7e-m+fp/hard/crtbegin.o
 .text          0x00000000080001e0       0x14 /opt/st/stm32cubeide_1.6.1_2/plugins/com.st.stm32cube.ide.mcu.externaltools.gnu-tools-for-stm32.9-2020-q2-update.linux64_1.5.0.202011040924/tools/bin/../lib/gcc/arm-none-eabi/9.3.1/../../../../arm-none-eabi/lib/thumb/v7e-m+fp/hard/libc_nano.a(lib_a-strcmp.o)
                0x00000000080001e0                strcmp
 .text          0x00000000080001f4       0x10 /opt/st/stm32cubeide_1.6.1_2/plugins/com.st.stm32cube.ide.mcu.externaltools.gnu-tools-for-stm32.9-2020-q2-update.linux64_1.5.0.202011040924/tools/bin/../lib/gcc/arm-none-eabi/9.3.1/../../../../arm-none-eabi/lib/thumb/v7e-m+fp/hard/libc_nano.a(lib_a-strlen.o)
                0x00000000080001f4                strlen
 *fill*         0x0000000008000204        0xc 
 .text          0x0000000008000210       0xa0 /opt/st/stm32cubeide_1.6.1_2/plugins/com.st.stm32cube.ide.mcu.externaltools.gnu-tools-for-stm32.9-2020-q2-update.linux64_1.5.0.202011040924/tools/bin/../lib/gcc/arm-none-eabi/9.3.1/../../../../arm-none-eabi/lib/thumb/v7e-m+fp/hard/libc_nano.a(lib_a-memchr.o)
                0x0000000008000210                memchr
 .text          0x00000000080002b0      0x378 /opt/st/stm32cubeide_1.6.1_2/plugins/com.st.stm32cube.ide.mcu.externaltools.gnu-tools-for-stm32.9-2020-q2-update.linux64_1.5.0.202011040924/tools/bin/../lib/gcc/arm-none-eabi/9.3.1/thumb/v7e-m+fp/hard/libgcc.a(_arm_addsubdf3.o)
                0x00000000080002b0                __aeabi_drsub
                0x00000000080002b8                __aeabi_dsub
                0x00000000080002b8                __subdf3
                0x00000000080002bc                __adddf3
                0x00000000080002bc                __aeabi_dadd
                0x0000000008000534                __aeabi_ui2d
                0x0000000008000534                __floatunsidf
                0x0000000008000554                __floatsidf
                0x0000000008000554                __aeabi_i2d
                0x0000000008000578                __extendsfdf2
                0x0000000008000578                __aeabi_f2d
                0x00000000080005bc                __aeabi_ul2d
                0x00000000080005bc                __floatundidf
                0x00000000080005cc                __floatdidf
                0x00000000080005cc                __aeabi_l2d
 .text          0x0000000008000628      0x424 /opt/st/stm32cubeide_1.6.1_2/plugins/com.st.stm32cube.ide.mcu.externaltools.gnu-tools-for-stm32.9-2020-q2-update.linux64_1.5.0.202011040924/tools/bin/../lib/gcc/arm-none-eabi/9.3.1/thumb/v7e-m+fp/hard/libgcc.a(_arm_muldivdf3.o)
                0x0000000008000628                __aeabi_dmul
                0x0000000008000628                __muldf3
                0x000000000800087c                __aeabi_ddiv
                0x000000000800087c                __divdf3
 .text          0x0000000008000a4c      0x110 /opt/st/stm32cubeide_1.6.1_2/plugins/com.st.stm32cube.ide.mcu.externaltools.gnu-tools-for-stm32.9-2020-q2-update.linux64_1.5.0.202011040924/tools/bin/../lib/gcc/arm-none-eabi/9.3.1/thumb/v7e-m+fp/hard/libgcc.a(_arm_cmpdf2.o)
                0x0000000008000a4c                __gtdf2
                0x0000000008000a4c                __gedf2
                0x0000000008000a54                __ltdf2
                0x0000000008000a54                __ledf2
                0x0000000008000a5c                __cmpdf2
                0x0000000008000a5c                __eqdf2
                0x0000000008000a5c                __nedf2
                0x0000000008000ad8                __aeabi_cdrcmple
                0x0000000008000ae8                __aeabi_cdcmple
                0x0000000008000ae8                __aeabi_cdcmpeq
                0x0000000008000af8                __aeabi_dcmpeq
                0x0000000008000b0c                __aeabi_dcmplt
                0x0000000008000b20                __aeabi_dcmple
                0x0000000008000b34                __aeabi_dcmpge
                0x0000000008000b48                __aeabi_dcmpgt
 .text          0x0000000008000b5c       0x2c /opt/st/stm32cubeide_1.6.1_2/plugins/com.st.stm32cube.ide.mcu.externaltools.gnu-tools-for-stm32.9-2020-q2-update.linux64_1.5.0.202011040924/tools/bin/../lib/gcc/arm-none-eabi/9.3.1/thumb/v7e-m+fp/hard/libgcc.a(_arm_unorddf2.o)
                0x0000000008000b5c                __aeabi_dcmpun
                0x0000000008000b5c                __unorddf2
 .text          0x0000000008000b88       0x50 /opt/st/stm32cubeide_1.6.1_2/plugins/com.st.stm32cube.ide.mcu.externaltools.gnu-tools-for-stm32.9-2020-q2-update.linux64_1.5.0.202011040924/tools/bin/../lib/gcc/arm-none-eabi/9.3.1/thumb/v7e-m+fp/hard/libgcc.a(_arm_fixdfsi.o)
                0x0000000008000b88                __fixdfsi
                0x0000000008000b88                __aeabi_d2iz
 .text          0x0000000008000bd8       0x40 /opt/st/stm32cubeide_1.6.1_2/plugins/com.st.stm32cube.ide.mcu.externaltools.gnu-tools-for-stm32.9-2020-q2-update.linux64_1.5.0.202011040924/tools/bin/../lib/gcc/arm-none-eabi/9.3.1/thumb/v7e-m+fp/hard/libgcc.a(_arm_fixunsdfsi.o)
                0x0000000008000bd8                __fixunsdfsi
                0x0000000008000bd8                __aeabi_d2uiz
 .text          0x0000000008000c18       0xa0 /opt/st/stm32cubeide_1.6.1_2/plugins/com.st.stm32cube.ide.mcu.externaltools.gnu-tools-for-stm32.9-2020-q2-update.linux64_1.5.0.202011040924/tools/bin/../lib/gcc/arm-none-eabi/9.3.1/thumb/v7e-m+fp/hard/libgcc.a(_arm_truncdfsf2.o)
                0x0000000008000c18                __aeabi_d2f
                0x0000000008000c18                __truncdfsf2
 .text          0x0000000008000cb8       0x30 /opt/st/stm32cubeide_1.6.1_2/plugins/com.st.stm32cube.ide.mcu.externaltools.gnu-tools-for-stm32.9-2020-q2-update.linux64_1.5.0.202011040924/tools/bin/../lib/gcc/arm-none-eabi/9.3.1/thumb/v7e-m+fp/hard/libgcc.a(_aeabi_uldivmod.o)
                0x0000000008000cb8                __aeabi_uldivmod
 .text          0x0000000008000ce8      0x2c4 /opt/st/stm32cubeide_1.6.1_2/plugins/com.st.stm32cube.ide.mcu.externaltools.gnu-tools-for-stm32.9-2020-q2-update.linux64_1.5.0.202011040924/tools/bin/../lib/gcc/arm-none-eabi/9.3.1/thumb/v7e-m+fp/hard/libgcc.a(_udivmoddi4.o)
                0x0000000008000ce8                __udivmoddi4
 .text          0x0000000008000fac        0x4 /opt/st/stm32cubeide_1.6.1_2/plugins/com.st.stm32cube.ide.mcu.externaltools.gnu-tools-for-stm32.9-2020-q2-update.linux64_1.5.0.202011040924/tools/bin/../lib/gcc/arm-none-eabi/9.3.1/thumb/v7e-m+fp/hard/libgcc.a(_dvmd_tls.o)
                0x0000000008000fac                __aeabi_ldiv0
                0x0000000008000fac                __aeabi_idiv0
 *(.text*)
 .text._ZN3ros16normalizeSecNSecERmS0_
                0x0000000008000fb0       0x58 Core/Inc/ROS-lib/time.o
                0x0000000008000fb0                ros::normalizeSecNSec(unsigned long&, unsigned long&)
 .text.Dynamixel_servo
                0x0000000008001008       0xb0 Core/Src/Dynamixel_Serial.o
                0x0000000008001008                Dynamixel_servo
 .text.VL53L0x_StartConversion
                0x00000000080010b8       0x32 Core/Src/VL53L0x.o
                0x00000000080010b8                VL53L0x_StartConversion
 .text.makeuint16
                0x00000000080010ea       0x2a Core/Src/VL53L0x.o
                0x00000000080010ea                makeuint16
 .text.VL53L0x_ReadDistance
                0x0000000008001114      0x180 Core/Src/VL53L0x.o
                0x0000000008001114                VL53L0x_ReadDistance
 .text.bno055_setPage
                0x0000000008001294       0x1c Core/Src/bno055.o
                0x0000000008001294                bno055_setPage
 .text.bno055_setOperationMode
                0x00000000080012b0       0x30 Core/Src/bno055.o
                0x00000000080012b0                bno055_setOperationMode
 .text.bno055_setOperationModeConfig
                0x00000000080012e0        0xe Core/Src/bno055.o
                0x00000000080012e0                bno055_setOperationModeConfig
 .text.bno055_setOperationModeNDOF
                0x00000000080012ee        0xe Core/Src/bno055.o
                0x00000000080012ee                bno055_setOperationModeNDOF
 .text.bno055_reset
                0x00000000080012fc       0x18 Core/Src/bno055.o
                0x00000000080012fc                bno055_reset
 .text.bno055_setup
                0x0000000008001314       0x50 Core/Src/bno055.o
                0x0000000008001314                bno055_setup
 .text.bno055_getVector
                0x0000000008001364      0x288 Core/Src/bno055.o
                0x0000000008001364                bno055_getVector
 .text.bno055_getVectorAccelerometer
                0x00000000080015ec       0x86 Core/Src/bno055.o
                0x00000000080015ec                bno055_getVectorAccelerometer
 .text.bno055_getVectorGyroscope
                0x0000000008001672       0x86 Core/Src/bno055.o
                0x0000000008001672                bno055_getVectorGyroscope
 .text.bno055_getVectorEuler
                0x00000000080016f8       0x86 Core/Src/bno055.o
                0x00000000080016f8                bno055_getVectorEuler
 .text.init_cycle_queue
                0x000000000800177e       0x28 Core/Src/cycle_queue_multi_array.o
                0x000000000800177e                init_cycle_queue
 *fill*         0x00000000080017a6        0x2 
 .text.put_cycle_queue
                0x00000000080017a8       0xa4 Core/Src/cycle_queue_multi_array.o
                0x00000000080017a8                put_cycle_queue
 .text.next_cycle_queue
                0x000000000800184c       0x70 Core/Src/cycle_queue_multi_array.o
                0x000000000800184c                next_cycle_queue
 .text.check_cycle_queue_empty
                0x00000000080018bc       0x2c Core/Src/cycle_queue_multi_array.o
                0x00000000080018bc                check_cycle_queue_empty
 .text.MX_DMA_Init
                0x00000000080018e8       0x50 Core/Src/dma.o
                0x00000000080018e8                MX_DMA_Init
 .text.MX_GPIO_Init
                0x0000000008001938      0x104 Core/Src/gpio.o
                0x0000000008001938                MX_GPIO_Init
 .text.MX_I2C1_Init
                0x0000000008001a3c       0x5c Core/Src/i2c.o
                0x0000000008001a3c                MX_I2C1_Init
 .text.MX_I2C2_Init
                0x0000000008001a98       0x5c Core/Src/i2c.o
                0x0000000008001a98                MX_I2C2_Init
 .text.MX_I2C3_Init
                0x0000000008001af4       0x5c Core/Src/i2c.o
                0x0000000008001af4                MX_I2C3_Init
 .text.HAL_I2C_MspInit
                0x0000000008001b50      0x1cc Core/Src/i2c.o
                0x0000000008001b50                HAL_I2C_MspInit
 .text.main     0x0000000008001d1c       0x44 Core/Src/main.o
                0x0000000008001d1c                main
 .text.SystemClock_Config
                0x0000000008001d60       0xd0 Core/Src/main.o
                0x0000000008001d60                SystemClock_Config
 .text.Error_Handler
                0x0000000008001e30        0xe Core/Src/main.o
                0x0000000008001e30                Error_Handler
 .text._ZN3ros4TimeC2Ev
                0x0000000008001e3e       0x22 Core/Src/mainpp.o
                0x0000000008001e3e                ros::Time::Time()
                0x0000000008001e3e                ros::Time::Time()
 .text._ZN3ros3MsgC2Ev
                0x0000000008001e60       0x20 Core/Src/mainpp.o
                0x0000000008001e60                ros::Msg::Msg()
                0x0000000008001e60                ros::Msg::Msg()
 .text._ZN8std_msgs4TimeC2Ev
                0x0000000008001e80       0x30 Core/Src/mainpp.o
                0x0000000008001e80                std_msgs::Time::Time()
                0x0000000008001e80                std_msgs::Time::Time()
 .text._ZNK8std_msgs4Time9serializeEPh
                0x0000000008001eb0       0xb0 Core/Src/mainpp.o
                0x0000000008001eb0                std_msgs::Time::serialize(unsigned char*) const
 .text._ZN8std_msgs4Time11deserializeEPh
                0x0000000008001f60       0xc8 Core/Src/mainpp.o
                0x0000000008001f60                std_msgs::Time::deserialize(unsigned char*)
 .text._ZN8std_msgs4Time7getTypeEv
                0x0000000008002028       0x1c Core/Src/mainpp.o
                0x0000000008002028                std_msgs::Time::getType()
 .text._ZN8std_msgs4Time6getMD5Ev
                0x0000000008002044       0x1c Core/Src/mainpp.o
                0x0000000008002044                std_msgs::Time::getMD5()
 .text._ZN14rosserial_msgs9TopicInfoC2Ev
                0x0000000008002060       0x48 Core/Src/mainpp.o
                0x0000000008002060                rosserial_msgs::TopicInfo::TopicInfo()
                0x0000000008002060                rosserial_msgs::TopicInfo::TopicInfo()
 .text._ZNK14rosserial_msgs9TopicInfo9serializeEPh
                0x00000000080020a8      0x136 Core/Src/mainpp.o
                0x00000000080020a8                rosserial_msgs::TopicInfo::serialize(unsigned char*) const
 .text._ZN14rosserial_msgs9TopicInfo11deserializeEPh
                0x00000000080021de      0x1d0 Core/Src/mainpp.o
                0x00000000080021de                rosserial_msgs::TopicInfo::deserialize(unsigned char*)
 *fill*         0x00000000080023ae        0x2 
 .text._ZN14rosserial_msgs9TopicInfo7getTypeEv
                0x00000000080023b0       0x1c Core/Src/mainpp.o
                0x00000000080023b0                rosserial_msgs::TopicInfo::getType()
 .text._ZN14rosserial_msgs9TopicInfo6getMD5Ev
                0x00000000080023cc       0x1c Core/Src/mainpp.o
                0x00000000080023cc                rosserial_msgs::TopicInfo::getMD5()
 .text._ZN14rosserial_msgs3LogC2Ev
                0x00000000080023e8       0x34 Core/Src/mainpp.o
                0x00000000080023e8                rosserial_msgs::Log::Log()
                0x00000000080023e8                rosserial_msgs::Log::Log()
 .text._ZNK14rosserial_msgs3Log9serializeEPh
                0x000000000800241c       0x64 Core/Src/mainpp.o
                0x000000000800241c                rosserial_msgs::Log::serialize(unsigned char*) const
 .text._ZN14rosserial_msgs3Log11deserializeEPh
                0x0000000008002480       0x90 Core/Src/mainpp.o
                0x0000000008002480                rosserial_msgs::Log::deserialize(unsigned char*)
 .text._ZN14rosserial_msgs3Log7getTypeEv
                0x0000000008002510       0x1c Core/Src/mainpp.o
                0x0000000008002510                rosserial_msgs::Log::getType()
 .text._ZN14rosserial_msgs3Log6getMD5Ev
                0x000000000800252c       0x1c Core/Src/mainpp.o
                0x000000000800252c                rosserial_msgs::Log::getMD5()
 .text._ZN14rosserial_msgs20RequestParamResponseC2Ev
                0x0000000008002548       0x5c Core/Src/mainpp.o
                0x0000000008002548                rosserial_msgs::RequestParamResponse::RequestParamResponse()
                0x0000000008002548                rosserial_msgs::RequestParamResponse::RequestParamResponse()
 .text._ZNK14rosserial_msgs20RequestParamResponse9serializeEPh
                0x00000000080025a4      0x222 Core/Src/mainpp.o
                0x00000000080025a4                rosserial_msgs::RequestParamResponse::serialize(unsigned char*) const
 .text._ZN14rosserial_msgs20RequestParamResponse11deserializeEPh
                0x00000000080027c6      0x2e2 Core/Src/mainpp.o
                0x00000000080027c6                rosserial_msgs::RequestParamResponse::deserialize(unsigned char*)
 .text._ZN14rosserial_msgs20RequestParamResponse7getTypeEv
                0x0000000008002aa8       0x1c Core/Src/mainpp.o
                0x0000000008002aa8                rosserial_msgs::RequestParamResponse::getType()
 .text._ZN14rosserial_msgs20RequestParamResponse6getMD5Ev
                0x0000000008002ac4       0x1c Core/Src/mainpp.o
                0x0000000008002ac4                rosserial_msgs::RequestParamResponse::getMD5()
 .text._ZN3ros9PublisherC2EPKcPNS_3MsgEi
                0x0000000008002ae0       0x2e Core/Src/mainpp.o
                0x0000000008002ae0                ros::Publisher::Publisher(char const*, ros::Msg*, int)
                0x0000000008002ae0                ros::Publisher::Publisher(char const*, ros::Msg*, int)
 .text._ZN3ros9Publisher7publishEPKNS_3MsgE
                0x0000000008002b0e       0x28 Core/Src/mainpp.o
                0x0000000008002b0e                ros::Publisher::publish(ros::Msg const*)
 .text._ZN3ros9Publisher15getEndpointTypeEv
                0x0000000008002b36       0x18 Core/Src/mainpp.o
                0x0000000008002b36                ros::Publisher::getEndpointType()
 .text._ZN13STM32Hardware10getRdmaIndEv
                0x0000000008002b4e       0x26 Core/Src/mainpp.o
                0x0000000008002b4e                STM32Hardware::getRdmaInd()
 .text._ZN13STM32HardwareC2Ev
                0x0000000008002b74       0x38 Core/Src/mainpp.o
                0x0000000008002b74                STM32Hardware::STM32Hardware()
                0x0000000008002b74                STM32Hardware::STM32Hardware()
 .text._ZN13STM32Hardware4initEv
                0x0000000008002bac       0x16 Core/Src/mainpp.o
                0x0000000008002bac                STM32Hardware::init()
 .text._ZN13STM32Hardware10reset_rbufEv
                0x0000000008002bc2       0x22 Core/Src/mainpp.o
                0x0000000008002bc2                STM32Hardware::reset_rbuf()
 .text._ZN13STM32Hardware4readEv
                0x0000000008002be4       0x5a Core/Src/mainpp.o
                0x0000000008002be4                STM32Hardware::read()
 *fill*         0x0000000008002c3e        0x2 
 .text._ZN13STM32Hardware5flushEv
                0x0000000008002c40       0xbc Core/Src/mainpp.o
                0x0000000008002c40                STM32Hardware::flush()
 .text._ZN13STM32Hardware5writeEPhi
                0x0000000008002cfc       0x8c Core/Src/mainpp.o
                0x0000000008002cfc                STM32Hardware::write(unsigned char*, int)
 .text._ZN13STM32Hardware4timeEv
                0x0000000008002d88       0x16 Core/Src/mainpp.o
                0x0000000008002d88                STM32Hardware::time()
 *fill*         0x0000000008002d9e        0x2 
 .text._ZN8std_msgs6HeaderC2Ev
                0x0000000008002da0       0x40 Core/Src/mainpp.o
                0x0000000008002da0                std_msgs::Header::Header()
                0x0000000008002da0                std_msgs::Header::Header()
 .text._ZNK8std_msgs6Header9serializeEPh
                0x0000000008002de0      0x130 Core/Src/mainpp.o
                0x0000000008002de0                std_msgs::Header::serialize(unsigned char*) const
 .text._ZN8std_msgs6Header11deserializeEPh
                0x0000000008002f10      0x180 Core/Src/mainpp.o
                0x0000000008002f10                std_msgs::Header::deserialize(unsigned char*)
 .text._ZN8std_msgs6Header7getTypeEv
                0x0000000008003090       0x1c Core/Src/mainpp.o
                0x0000000008003090                std_msgs::Header::getType()
 .text._ZN8std_msgs6Header6getMD5Ev
                0x00000000080030ac       0x1c Core/Src/mainpp.o
                0x00000000080030ac                std_msgs::Header::getMD5()
 .text._ZN13geometry_msgs10QuaternionC2Ev
                0x00000000080030c8       0x5c Core/Src/mainpp.o
                0x00000000080030c8                geometry_msgs::Quaternion::Quaternion()
                0x00000000080030c8                geometry_msgs::Quaternion::Quaternion()
 .text._ZNK13geometry_msgs10Quaternion9serializeEPh
                0x0000000008003124      0x3d4 Core/Src/mainpp.o
                0x0000000008003124                geometry_msgs::Quaternion::serialize(unsigned char*) const
 .text._ZN13geometry_msgs10Quaternion11deserializeEPh
                0x00000000080034f8      0x7ba Core/Src/mainpp.o
                0x00000000080034f8                geometry_msgs::Quaternion::deserialize(unsigned char*)
 *fill*         0x0000000008003cb2        0x2 
 .text._ZN13geometry_msgs10Quaternion7getTypeEv
                0x0000000008003cb4       0x1c Core/Src/mainpp.o
                0x0000000008003cb4                geometry_msgs::Quaternion::getType()
 .text._ZN13geometry_msgs10Quaternion6getMD5Ev
                0x0000000008003cd0       0x1c Core/Src/mainpp.o
                0x0000000008003cd0                geometry_msgs::Quaternion::getMD5()
 .text._ZN13geometry_msgs7Vector3C2Ev
                0x0000000008003cec       0x50 Core/Src/mainpp.o
                0x0000000008003cec                geometry_msgs::Vector3::Vector3()
                0x0000000008003cec                geometry_msgs::Vector3::Vector3()
 .text._ZNK13geometry_msgs7Vector39serializeEPh
                0x0000000008003d3c      0x2e6 Core/Src/mainpp.o
                0x0000000008003d3c                geometry_msgs::Vector3::serialize(unsigned char*) const
 .text._ZN13geometry_msgs7Vector311deserializeEPh
                0x0000000008004022      0x5ba Core/Src/mainpp.o
                0x0000000008004022                geometry_msgs::Vector3::deserialize(unsigned char*)
 .text._ZN13geometry_msgs7Vector37getTypeEv
                0x00000000080045dc       0x1c Core/Src/mainpp.o
                0x00000000080045dc                geometry_msgs::Vector3::getType()
 .text._ZN13geometry_msgs7Vector36getMD5Ev
                0x00000000080045f8       0x1c Core/Src/mainpp.o
                0x00000000080045f8                geometry_msgs::Vector3::getMD5()
 .text._ZN11sensor_msgs3ImuC2Ev
                0x0000000008004614       0xa8 Core/Src/mainpp.o
                0x0000000008004614                sensor_msgs::Imu::Imu()
                0x0000000008004614                sensor_msgs::Imu::Imu()
 .text._ZNK11sensor_msgs3Imu9serializeEPh
                0x00000000080046bc      0x396 Core/Src/mainpp.o
                0x00000000080046bc                sensor_msgs::Imu::serialize(unsigned char*) const
 .text._ZN11sensor_msgs3Imu11deserializeEPh
                0x0000000008004a52      0x6ca Core/Src/mainpp.o
                0x0000000008004a52                sensor_msgs::Imu::deserialize(unsigned char*)
 .text._ZN11sensor_msgs3Imu7getTypeEv
                0x000000000800511c       0x1c Core/Src/mainpp.o
                0x000000000800511c                sensor_msgs::Imu::getType()
 .text._ZN11sensor_msgs3Imu6getMD5Ev
                0x0000000008005138       0x1c Core/Src/mainpp.o
                0x0000000008005138                sensor_msgs::Imu::getMD5()
 .text._ZN7momiu_p14momiu_posMotorC2Ev
                0x0000000008005154       0x54 Core/Src/mainpp.o
                0x0000000008005154                momiu_p::momiu_posMotor::momiu_posMotor()
                0x0000000008005154                momiu_p::momiu_posMotor::momiu_posMotor()
 .text._ZNK7momiu_p14momiu_posMotor9serializeEPh
                0x00000000080051a8      0x17c Core/Src/mainpp.o
                0x00000000080051a8                momiu_p::momiu_posMotor::serialize(unsigned char*) const
 .text._ZN7momiu_p14momiu_posMotor11deserializeEPh
                0x0000000008005324      0x20c Core/Src/mainpp.o
                0x0000000008005324                momiu_p::momiu_posMotor::deserialize(unsigned char*)
 .text._ZN7momiu_p14momiu_posMotor7getTypeEv
                0x0000000008005530       0x1c Core/Src/mainpp.o
                0x0000000008005530                momiu_p::momiu_posMotor::getType()
 .text._ZN7momiu_p14momiu_posMotor6getMD5Ev
                0x000000000800554c       0x1c Core/Src/mainpp.o
                0x000000000800554c                momiu_p::momiu_posMotor::getMD5()
 .text._ZN7momiu_p12pose_messageC2Ev
                0x0000000008005568       0x40 Core/Src/mainpp.o
                0x0000000008005568                momiu_p::pose_message::pose_message()
                0x0000000008005568                momiu_p::pose_message::pose_message()
 .text._ZNK7momiu_p12pose_message9serializeEPh
                0x00000000080055a8       0xb0 Core/Src/mainpp.o
                0x00000000080055a8                momiu_p::pose_message::serialize(unsigned char*) const
 .text._ZN7momiu_p12pose_message11deserializeEPh
                0x0000000008005658      0x108 Core/Src/mainpp.o
                0x0000000008005658                momiu_p::pose_message::deserialize(unsigned char*)
 .text._ZN7momiu_p12pose_message7getTypeEv
                0x0000000008005760       0x1c Core/Src/mainpp.o
                0x0000000008005760                momiu_p::pose_message::getType()
 .text._ZN7momiu_p12pose_message6getMD5Ev
                0x000000000800577c       0x1c Core/Src/mainpp.o
                0x000000000800577c                momiu_p::pose_message::getMD5()
 .text._ZN8std_msgs4BoolC2Ev
                0x0000000008005798       0x2c Core/Src/mainpp.o
                0x0000000008005798                std_msgs::Bool::Bool()
                0x0000000008005798                std_msgs::Bool::Bool()
 .text._ZNK8std_msgs4Bool9serializeEPh
                0x00000000080057c4       0x32 Core/Src/mainpp.o
                0x00000000080057c4                std_msgs::Bool::serialize(unsigned char*) const
 .text._ZN8std_msgs4Bool11deserializeEPh
                0x00000000080057f6       0x3c Core/Src/mainpp.o
                0x00000000080057f6                std_msgs::Bool::deserialize(unsigned char*)
 *fill*         0x0000000008005832        0x2 
 .text._ZN8std_msgs4Bool7getTypeEv
                0x0000000008005834       0x1c Core/Src/mainpp.o
                0x0000000008005834                std_msgs::Bool::getType()
 .text._ZN8std_msgs4Bool6getMD5Ev
                0x0000000008005850       0x1c Core/Src/mainpp.o
                0x0000000008005850                std_msgs::Bool::getMD5()
 .text._ZN8std_msgs7Float32C2Ev
                0x000000000800586c       0x2c Core/Src/mainpp.o
                0x000000000800586c                std_msgs::Float32::Float32()
                0x000000000800586c                std_msgs::Float32::Float32()
 .text._ZNK8std_msgs7Float329serializeEPh
                0x0000000008005898       0x64 Core/Src/mainpp.o
                0x0000000008005898                std_msgs::Float32::serialize(unsigned char*) const
 .text._ZN8std_msgs7Float3211deserializeEPh
                0x00000000080058fc       0x70 Core/Src/mainpp.o
                0x00000000080058fc                std_msgs::Float32::deserialize(unsigned char*)
 .text._ZN8std_msgs7Float327getTypeEv
                0x000000000800596c       0x1c Core/Src/mainpp.o
                0x000000000800596c                std_msgs::Float32::getType()
 .text._ZN8std_msgs7Float326getMD5Ev
                0x0000000008005988       0x1c Core/Src/mainpp.o
                0x0000000008005988                std_msgs::Float32::getMD5()
 .text.bno055_assignI2C
                0x00000000080059a4       0x2c Core/Src/mainpp.o
                0x00000000080059a4                bno055_assignI2C
 .text.bno055_delay
                0x00000000080059d0       0x18 Core/Src/mainpp.o
                0x00000000080059d0                bno055_delay
 .text.bno055_writeData
                0x00000000080059e8       0x48 Core/Src/mainpp.o
                0x00000000080059e8                bno055_writeData
 .text.bno055_readData
                0x0000000008005a30       0x54 Core/Src/mainpp.o
                0x0000000008005a30                bno055_readData
 .text._ZN3ros15NodeHandleBase_C2Ev
                0x0000000008005a84       0x20 Core/Src/mainpp.o
                0x0000000008005a84                ros::NodeHandleBase_::NodeHandleBase_()
                0x0000000008005a84                ros::NodeHandleBase_::NodeHandleBase_()
 .text._ZN3ros11NodeHandle_I13STM32HardwareLi25ELi25ELi512ELi512EEC2Ev
                0x0000000008005aa4       0xf0 Core/Src/mainpp.o
                0x0000000008005aa4                ros::NodeHandle_<STM32Hardware, 25, 25, 512, 512>::NodeHandle_()
                0x0000000008005aa4                ros::NodeHandle_<STM32Hardware, 25, 25, 512, 512>::NodeHandle_()
 .text.HAL_UART_TxCpltCallback
                0x0000000008005b94       0x24 Core/Src/mainpp.o
                0x0000000008005b94                HAL_UART_TxCpltCallback
 .text.HAL_UART_RxCpltCallback
                0x0000000008005bb8       0x24 Core/Src/mainpp.o
                0x0000000008005bb8                HAL_UART_RxCpltCallback
 *fill*         0x0000000008005bdc        0x4 
 .text.HAL_TIM_PeriodElapsedCallback
                0x0000000008005be0      0x620 Core/Src/mainpp.o
                0x0000000008005be0                HAL_TIM_PeriodElapsedCallback
 .text.setup    0x0000000008006200       0x98 Core/Src/mainpp.o
                0x0000000008006200                setup
 .text.loop     0x0000000008006298      0x2d0 Core/Src/mainpp.o
                0x0000000008006298                loop
 .text._Z17momiu_posMotor_cbRKN7momiu_p14momiu_posMotorE
                0x0000000008006568      0x1c0 Core/Src/mainpp.o
                0x0000000008006568                momiu_posMotor_cb(momiu_p::momiu_posMotor const&)
 .text._Z15pose_message_cbRKN7momiu_p12pose_messageE
                0x0000000008006728      0x4f8 Core/Src/mainpp.o
                0x0000000008006728                pose_message_cb(momiu_p::pose_message const&)
 .text._ZN3ros3Msg8varToArrIPhmEEvT_T0_
                0x0000000008006c20       0x3c Core/Src/mainpp.o
                0x0000000008006c20                void ros::Msg::varToArr<unsigned char*, unsigned long>(unsigned char*, unsigned long)
 .text._ZN3ros3Msg8arrToVarImPhEEvRT_T0_
                0x0000000008006c5c       0x4a Core/Src/mainpp.o
                0x0000000008006c5c                void ros::Msg::arrToVar<unsigned long, unsigned char*>(unsigned long&, unsigned char*)
 *fill*         0x0000000008006ca6        0x2 
 .text._ZN3ros11Subscriber_C2Ev
                0x0000000008006ca8       0x20 Core/Src/mainpp.o
                0x0000000008006ca8                ros::Subscriber_::Subscriber_()
                0x0000000008006ca8                ros::Subscriber_::Subscriber_()
 .text._ZN3ros10SubscriberIN7momiu_p14momiu_posMotorEvEC2EPKcPFvRKS2_Ei
                0x0000000008006cc8       0x48 Core/Src/mainpp.o
                0x0000000008006cc8                ros::Subscriber<momiu_p::momiu_posMotor, void>::Subscriber(char const*, void (*)(momiu_p::momiu_posMotor const&), int)
                0x0000000008006cc8                ros::Subscriber<momiu_p::momiu_posMotor, void>::Subscriber(char const*, void (*)(momiu_p::momiu_posMotor const&), int)
 .text._ZN3ros10SubscriberIN7momiu_p12pose_messageEvEC2EPKcPFvRKS2_Ei
                0x0000000008006d10       0x48 Core/Src/mainpp.o
                0x0000000008006d10                ros::Subscriber<momiu_p::pose_message, void>::Subscriber(char const*, void (*)(momiu_p::pose_message const&), int)
                0x0000000008006d10                ros::Subscriber<momiu_p::pose_message, void>::Subscriber(char const*, void (*)(momiu_p::pose_message const&), int)
 .text._ZN3ros11NodeHandle_I13STM32HardwareLi25ELi25ELi512ELi512EE11getHardwareEv
                0x0000000008006d58       0x18 Core/Src/mainpp.o
                0x0000000008006d58                ros::NodeHandle_<STM32Hardware, 25, 25, 512, 512>::getHardware()
 .text._ZN3ros11NodeHandle_I13STM32HardwareLi25ELi25ELi512ELi512EE8initNodeEv
                0x0000000008006d70       0x3a Core/Src/mainpp.o
                0x0000000008006d70                ros::NodeHandle_<STM32Hardware, 25, 25, 512, 512>::initNode()
 .text._ZN3ros11NodeHandle_I13STM32HardwareLi25ELi25ELi512ELi512EE9advertiseERNS_9PublisherE
                0x0000000008006daa       0x60 Core/Src/mainpp.o
                0x0000000008006daa                ros::NodeHandle_<STM32Hardware, 25, 25, 512, 512>::advertise(ros::Publisher&)
 .text._ZN3ros11NodeHandle_I13STM32HardwareLi25ELi25ELi512ELi512EE9subscribeERNS_11Subscriber_E
                0x0000000008006e0a       0x56 Core/Src/mainpp.o
                0x0000000008006e0a                ros::NodeHandle_<STM32Hardware, 25, 25, 512, 512>::subscribe(ros::Subscriber_&)
 .text._ZN3ros11NodeHandle_I13STM32HardwareLi25ELi25ELi512ELi512EE8spinOnceEv
                0x0000000008006e60      0x3b2 Core/Src/mainpp.o
                0x0000000008006e60                ros::NodeHandle_<STM32Hardware, 25, 25, 512, 512>::spinOnce()
 .text._ZN3ros11NodeHandle_I13STM32HardwareLi25ELi25ELi512ELi512EE15requestSyncTimeEv
                0x0000000008007212       0x3c Core/Src/mainpp.o
                0x0000000008007212                ros::NodeHandle_<STM32Hardware, 25, 25, 512, 512>::requestSyncTime()
 .text._ZN3ros11NodeHandle_I13STM32HardwareLi25ELi25ELi512ELi512EE15negotiateTopicsEv
                0x000000000800724e      0x1be Core/Src/mainpp.o
                0x000000000800724e                ros::NodeHandle_<STM32Hardware, 25, 25, 512, 512>::negotiateTopics()
 .text._ZN3ros11NodeHandle_I13STM32HardwareLi25ELi25ELi512ELi512EE8syncTimeEPh
                0x000000000800740c       0x98 Core/Src/mainpp.o
                0x000000000800740c                ros::NodeHandle_<STM32Hardware, 25, 25, 512, 512>::syncTime(unsigned char*)
 .text._ZN3ros11NodeHandle_I13STM32HardwareLi25ELi25ELi512ELi512EE7publishEiPKNS_3MsgE
                0x00000000080074a4      0x124 Core/Src/mainpp.o
                0x00000000080074a4                ros::NodeHandle_<STM32Hardware, 25, 25, 512, 512>::publish(int, ros::Msg const*)
 .text._ZN3ros11NodeHandle_I13STM32HardwareLi25ELi25ELi512ELi512EE6setNowERKNS_4TimeE
                0x00000000080075c8       0x80 Core/Src/mainpp.o
                0x00000000080075c8                ros::NodeHandle_<STM32Hardware, 25, 25, 512, 512>::setNow(ros::Time const&)
 .text._ZN3ros11NodeHandle_I13STM32HardwareLi25ELi25ELi512ELi512EE8logerrorEPKc
                0x0000000008007648       0x1c Core/Src/mainpp.o
                0x0000000008007648                ros::NodeHandle_<STM32Hardware, 25, 25, 512, 512>::logerror(char const*)
 .text._ZN3ros11NodeHandle_I13STM32HardwareLi25ELi25ELi512ELi512EE3logEcPKc
                0x0000000008007664       0x38 Core/Src/mainpp.o
                0x0000000008007664                ros::NodeHandle_<STM32Hardware, 25, 25, 512, 512>::log(char, char const*)
 .text._Z41__static_initialization_and_destruction_0ii
                0x000000000800769c       0xd4 Core/Src/mainpp.o
 .text._ZN3ros10SubscriberIN7momiu_p12pose_messageEvE8callbackEPh
                0x0000000008007770       0x2a Core/Src/mainpp.o
                0x0000000008007770                ros::Subscriber<momiu_p::pose_message, void>::callback(unsigned char*)
 .text._ZN3ros10SubscriberIN7momiu_p12pose_messageEvE15getEndpointTypeEv
                0x000000000800779a       0x18 Core/Src/mainpp.o
                0x000000000800779a                ros::Subscriber<momiu_p::pose_message, void>::getEndpointType()
 .text._ZN3ros10SubscriberIN7momiu_p12pose_messageEvE10getMsgTypeEv
                0x00000000080077b2       0x1c Core/Src/mainpp.o
                0x00000000080077b2                ros::Subscriber<momiu_p::pose_message, void>::getMsgType()
 .text._ZN3ros10SubscriberIN7momiu_p12pose_messageEvE9getMsgMD5Ev
                0x00000000080077ce       0x1c Core/Src/mainpp.o
                0x00000000080077ce                ros::Subscriber<momiu_p::pose_message, void>::getMsgMD5()
 .text._ZN3ros10SubscriberIN7momiu_p14momiu_posMotorEvE8callbackEPh
                0x00000000080077ea       0x2a Core/Src/mainpp.o
                0x00000000080077ea                ros::Subscriber<momiu_p::momiu_posMotor, void>::callback(unsigned char*)
 .text._ZN3ros10SubscriberIN7momiu_p14momiu_posMotorEvE15getEndpointTypeEv
                0x0000000008007814       0x18 Core/Src/mainpp.o
                0x0000000008007814                ros::Subscriber<momiu_p::momiu_posMotor, void>::getEndpointType()
 .text._ZN3ros10SubscriberIN7momiu_p14momiu_posMotorEvE10getMsgTypeEv
                0x000000000800782c       0x1c Core/Src/mainpp.o
                0x000000000800782c                ros::Subscriber<momiu_p::momiu_posMotor, void>::getMsgType()
 .text._ZN3ros10SubscriberIN7momiu_p14momiu_posMotorEvE9getMsgMD5Ev
                0x0000000008007848       0x1c Core/Src/mainpp.o
                0x0000000008007848                ros::Subscriber<momiu_p::momiu_posMotor, void>::getMsgMD5()
 .text._ZN3ros11NodeHandle_I13STM32HardwareLi25ELi25ELi512ELi512EE9connectedEv
                0x0000000008007864       0x1a Core/Src/mainpp.o
                0x0000000008007864                ros::NodeHandle_<STM32Hardware, 25, 25, 512, 512>::connected()
 .text._GLOBAL__sub_I__bno055_i2c_port
                0x000000000800787e       0x10 Core/Src/mainpp.o
 *fill*         0x000000000800788e        0x2 
 .text.drive_all_Dynamixel
                0x0000000008007890      0x2e0 Core/Src/momiu.o
                0x0000000008007890                drive_all_Dynamixel
 .text.default_pose
                0x0000000008007b70       0x18 Core/Src/momiu.o
                0x0000000008007b70                default_pose
 .text.trajectory_genaration
                0x0000000008007b88      0x16a Core/Src/momiu.o
                0x0000000008007b88                trajectory_genaration
 .text.cubic_spline_position
                0x0000000008007cf2       0x7a Core/Src/momiu.o
                0x0000000008007cf2                cubic_spline_position
 *fill*         0x0000000008007d6c        0x4 
 .text.cubic_spline_velocity
                0x0000000008007d70       0x90 Core/Src/momiu.o
                0x0000000008007d70                cubic_spline_velocity
 .text.HAL_MspInit
                0x0000000008007e00       0x50 Core/Src/stm32f4xx_hal_msp.o
                0x0000000008007e00                HAL_MspInit
 .text.NMI_Handler
                0x0000000008007e50        0xe Core/Src/stm32f4xx_it.o
                0x0000000008007e50                NMI_Handler
 .text.HardFault_Handler
                0x0000000008007e5e        0x6 Core/Src/stm32f4xx_it.o
                0x0000000008007e5e                HardFault_Handler
 .text.MemManage_Handler
                0x0000000008007e64        0x6 Core/Src/stm32f4xx_it.o
                0x0000000008007e64                MemManage_Handler
 .text.BusFault_Handler
                0x0000000008007e6a        0x6 Core/Src/stm32f4xx_it.o
                0x0000000008007e6a                BusFault_Handler
 .text.UsageFault_Handler
                0x0000000008007e70        0x6 Core/Src/stm32f4xx_it.o
                0x0000000008007e70                UsageFault_Handler
 .text.SVC_Handler
                0x0000000008007e76        0xe Core/Src/stm32f4xx_it.o
                0x0000000008007e76                SVC_Handler
 .text.DebugMon_Handler
                0x0000000008007e84        0xe Core/Src/stm32f4xx_it.o
                0x0000000008007e84                DebugMon_Handler
 .text.PendSV_Handler
                0x0000000008007e92        0xe Core/Src/stm32f4xx_it.o
                0x0000000008007e92                PendSV_Handler
 .text.SysTick_Handler
                0x0000000008007ea0        0xc Core/Src/stm32f4xx_it.o
                0x0000000008007ea0                SysTick_Handler
 .text.TIM1_UP_TIM10_IRQHandler
                0x0000000008007eac       0x14 Core/Src/stm32f4xx_it.o
                0x0000000008007eac                TIM1_UP_TIM10_IRQHandler
 .text.USART1_IRQHandler
                0x0000000008007ec0       0x14 Core/Src/stm32f4xx_it.o
                0x0000000008007ec0                USART1_IRQHandler
 .text.DMA2_Stream2_IRQHandler
                0x0000000008007ed4       0x14 Core/Src/stm32f4xx_it.o
                0x0000000008007ed4                DMA2_Stream2_IRQHandler
 .text.DMA2_Stream7_IRQHandler
                0x0000000008007ee8       0x14 Core/Src/stm32f4xx_it.o
                0x0000000008007ee8                DMA2_Stream7_IRQHandler
 .text._getpid  0x0000000008007efc       0x10 Core/Src/syscalls.o
                0x0000000008007efc                _getpid
 .text._kill    0x0000000008007f0c       0x20 Core/Src/syscalls.o
                0x0000000008007f0c                _kill
 .text._exit    0x0000000008007f2c       0x14 Core/Src/syscalls.o
                0x0000000008007f2c                _exit
 .text._read    0x0000000008007f40       0x3a Core/Src/syscalls.o
                0x0000000008007f40                _read
 .text._write   0x0000000008007f7a       0x38 Core/Src/syscalls.o
                0x0000000008007f7a                _write
 .text._close   0x0000000008007fb2       0x18 Core/Src/syscalls.o
                0x0000000008007fb2                _close
 .text._fstat   0x0000000008007fca       0x20 Core/Src/syscalls.o
                0x0000000008007fca                _fstat
 .text._isatty  0x0000000008007fea       0x16 Core/Src/syscalls.o
                0x0000000008007fea                _isatty
 .text._lseek   0x0000000008008000       0x1a Core/Src/syscalls.o
                0x0000000008008000                _lseek
 *fill*         0x000000000800801a        0x2 
 .text._sbrk    0x000000000800801c       0x58 Core/Src/sysmem.o
                0x000000000800801c                _sbrk
 .text.SystemInit
                0x0000000008008074       0x2c Core/Src/system_stm32f4xx.o
                0x0000000008008074                SystemInit
 .text.MX_TIM10_Init
                0x00000000080080a0       0x48 Core/Src/tim.o
                0x00000000080080a0                MX_TIM10_Init
 .text.HAL_TIM_Base_MspInit
                0x00000000080080e8       0x50 Core/Src/tim.o
                0x00000000080080e8                HAL_TIM_Base_MspInit
 .text.MX_USART1_UART_Init
                0x0000000008008138       0x54 Core/Src/usart.o
                0x0000000008008138                MX_USART1_UART_Init
 .text.MX_USART2_UART_Init
                0x000000000800818c       0x54 Core/Src/usart.o
                0x000000000800818c                MX_USART2_UART_Init
 .text.MX_USART6_UART_Init
                0x00000000080081e0       0x54 Core/Src/usart.o
                0x00000000080081e0                MX_USART6_UART_Init
 .text.HAL_UART_MspInit
                0x0000000008008234      0x244 Core/Src/usart.o
                0x0000000008008234                HAL_UART_MspInit
 .text.Reset_Handler
                0x0000000008008478       0x50 Core/Startup/startup_stm32f411retx.o
                0x0000000008008478                Reset_Handler
 .text.Default_Handler
                0x00000000080084c8        0x2 Core/Startup/startup_stm32f411retx.o
                0x00000000080084c8                RTC_Alarm_IRQHandler
                0x00000000080084c8                EXTI2_IRQHandler
                0x00000000080084c8                SPI4_IRQHandler
                0x00000000080084c8                TIM1_CC_IRQHandler
                0x00000000080084c8                DMA2_Stream5_IRQHandler
                0x00000000080084c8                DMA1_Stream5_IRQHandler
                0x00000000080084c8                PVD_IRQHandler
                0x00000000080084c8                SDIO_IRQHandler
                0x00000000080084c8                TAMP_STAMP_IRQHandler
                0x00000000080084c8                EXTI3_IRQHandler
                0x00000000080084c8                I2C3_ER_IRQHandler
                0x00000000080084c8                EXTI0_IRQHandler
                0x00000000080084c8                I2C2_EV_IRQHandler
                0x00000000080084c8                DMA1_Stream2_IRQHandler
                0x00000000080084c8                FPU_IRQHandler
                0x00000000080084c8                SPI1_IRQHandler
                0x00000000080084c8                TIM1_BRK_TIM9_IRQHandler
                0x00000000080084c8                DMA2_Stream3_IRQHandler
                0x00000000080084c8                USART6_IRQHandler
                0x00000000080084c8                DMA2_Stream0_IRQHandler
                0x00000000080084c8                TIM4_IRQHandler
                0x00000000080084c8                I2C1_EV_IRQHandler
                0x00000000080084c8                DMA1_Stream6_IRQHandler
                0x00000000080084c8                DMA1_Stream1_IRQHandler
                0x00000000080084c8                TIM3_IRQHandler
                0x00000000080084c8                RCC_IRQHandler
                0x00000000080084c8                Default_Handler
                0x00000000080084c8                EXTI15_10_IRQHandler
                0x00000000080084c8                ADC_IRQHandler
                0x00000000080084c8                DMA1_Stream7_IRQHandler
                0x00000000080084c8                SPI5_IRQHandler
                0x00000000080084c8                TIM5_IRQHandler
                0x00000000080084c8                I2C3_EV_IRQHandler
                0x00000000080084c8                EXTI9_5_IRQHandler
                0x00000000080084c8                RTC_WKUP_IRQHandler
                0x00000000080084c8                SPI2_IRQHandler
                0x00000000080084c8                DMA1_Stream0_IRQHandler
                0x00000000080084c8                EXTI4_IRQHandler
                0x00000000080084c8                WWDG_IRQHandler
                0x00000000080084c8                TIM2_IRQHandler
                0x00000000080084c8                OTG_FS_WKUP_IRQHandler
                0x00000000080084c8                TIM1_TRG_COM_TIM11_IRQHandler
                0x00000000080084c8                EXTI1_IRQHandler
                0x00000000080084c8                USART2_IRQHandler
                0x00000000080084c8                I2C2_ER_IRQHandler
                0x00000000080084c8                DMA2_Stream1_IRQHandler
                0x00000000080084c8                FLASH_IRQHandler
                0x00000000080084c8                DMA2_Stream4_IRQHandler
                0x00000000080084c8                OTG_FS_IRQHandler
                0x00000000080084c8                SPI3_IRQHandler
                0x00000000080084c8                DMA1_Stream4_IRQHandler
                0x00000000080084c8                I2C1_ER_IRQHandler
                0x00000000080084c8                DMA2_Stream6_IRQHandler
                0x00000000080084c8                DMA1_Stream3_IRQHandler
 *fill*         0x00000000080084ca        0x2 
 .text.HAL_Init
                0x00000000080084cc       0x44 Drivers/STM32F4xx_HAL_Driver/Src/stm32f4xx_hal.o
                0x00000000080084cc                HAL_Init
 .text.HAL_InitTick
                0x0000000008008510       0x60 Drivers/STM32F4xx_HAL_Driver/Src/stm32f4xx_hal.o
                0x0000000008008510                HAL_InitTick
 .text.HAL_IncTick
                0x0000000008008570       0x28 Drivers/STM32F4xx_HAL_Driver/Src/stm32f4xx_hal.o
                0x0000000008008570                HAL_IncTick
 .text.HAL_GetTick
                0x0000000008008598       0x18 Drivers/STM32F4xx_HAL_Driver/Src/stm32f4xx_hal.o
                0x0000000008008598                HAL_GetTick
 .text.HAL_Delay
                0x00000000080085b0       0x48 Drivers/STM32F4xx_HAL_Driver/Src/stm32f4xx_hal.o
                0x00000000080085b0                HAL_Delay
 .text.__NVIC_SetPriorityGrouping
                0x00000000080085f8       0x48 Drivers/STM32F4xx_HAL_Driver/Src/stm32f4xx_hal_cortex.o
 .text.__NVIC_GetPriorityGrouping
                0x0000000008008640       0x1c Drivers/STM32F4xx_HAL_Driver/Src/stm32f4xx_hal_cortex.o
 .text.__NVIC_EnableIRQ
                0x000000000800865c       0x3c Drivers/STM32F4xx_HAL_Driver/Src/stm32f4xx_hal_cortex.o
 .text.__NVIC_SetPriority
                0x0000000008008698       0x54 Drivers/STM32F4xx_HAL_Driver/Src/stm32f4xx_hal_cortex.o
 .text.NVIC_EncodePriority
                0x00000000080086ec       0x66 Drivers/STM32F4xx_HAL_Driver/Src/stm32f4xx_hal_cortex.o
 *fill*         0x0000000008008752        0x2 
 .text.SysTick_Config
                0x0000000008008754       0x44 Drivers/STM32F4xx_HAL_Driver/Src/stm32f4xx_hal_cortex.o
 .text.HAL_NVIC_SetPriorityGrouping
                0x0000000008008798       0x16 Drivers/STM32F4xx_HAL_Driver/Src/stm32f4xx_hal_cortex.o
                0x0000000008008798                HAL_NVIC_SetPriorityGrouping
 .text.HAL_NVIC_SetPriority
                0x00000000080087ae       0x38 Drivers/STM32F4xx_HAL_Driver/Src/stm32f4xx_hal_cortex.o
                0x00000000080087ae                HAL_NVIC_SetPriority
 .text.HAL_NVIC_EnableIRQ
                0x00000000080087e6       0x1c Drivers/STM32F4xx_HAL_Driver/Src/stm32f4xx_hal_cortex.o
                0x00000000080087e6                HAL_NVIC_EnableIRQ
 .text.HAL_SYSTICK_Config
                0x0000000008008802       0x18 Drivers/STM32F4xx_HAL_Driver/Src/stm32f4xx_hal_cortex.o
                0x0000000008008802                HAL_SYSTICK_Config
 *fill*         0x000000000800881a        0x2 
 .text.HAL_DMA_Init
                0x000000000800881c      0x15c Drivers/STM32F4xx_HAL_Driver/Src/stm32f4xx_hal_dma.o
                0x000000000800881c                HAL_DMA_Init
 .text.HAL_DMA_Start_IT
                0x0000000008008978       0xb0 Drivers/STM32F4xx_HAL_Driver/Src/stm32f4xx_hal_dma.o
                0x0000000008008978                HAL_DMA_Start_IT
 .text.HAL_DMA_Abort
                0x0000000008008a28       0xe0 Drivers/STM32F4xx_HAL_Driver/Src/stm32f4xx_hal_dma.o
                0x0000000008008a28                HAL_DMA_Abort
 .text.HAL_DMA_Abort_IT
                0x0000000008008b08       0x44 Drivers/STM32F4xx_HAL_Driver/Src/stm32f4xx_hal_dma.o
                0x0000000008008b08                HAL_DMA_Abort_IT
 .text.HAL_DMA_IRQHandler
                0x0000000008008b4c      0x314 Drivers/STM32F4xx_HAL_Driver/Src/stm32f4xx_hal_dma.o
                0x0000000008008b4c                HAL_DMA_IRQHandler
 .text.DMA_SetConfig
                0x0000000008008e60       0x5c Drivers/STM32F4xx_HAL_Driver/Src/stm32f4xx_hal_dma.o
 .text.DMA_CalcBaseAndBitshift
                0x0000000008008ebc       0x6c Drivers/STM32F4xx_HAL_Driver/Src/stm32f4xx_hal_dma.o
 .text.DMA_CheckFifoParam
                0x0000000008008f28       0xf8 Drivers/STM32F4xx_HAL_Driver/Src/stm32f4xx_hal_dma.o
 .text.HAL_GPIO_Init
                0x0000000008009020      0x308 Drivers/STM32F4xx_HAL_Driver/Src/stm32f4xx_hal_gpio.o
                0x0000000008009020                HAL_GPIO_Init
 .text.HAL_GPIO_WritePin
                0x0000000008009328       0x32 Drivers/STM32F4xx_HAL_Driver/Src/stm32f4xx_hal_gpio.o
                0x0000000008009328                HAL_GPIO_WritePin
 *fill*         0x000000000800935a        0x2 
 .text.HAL_I2C_Init
                0x000000000800935c      0x288 Drivers/STM32F4xx_HAL_Driver/Src/stm32f4xx_hal_i2c.o
                0x000000000800935c                HAL_I2C_Init
 .text.HAL_I2C_Master_Transmit
                0x00000000080095e4      0x1fc Drivers/STM32F4xx_HAL_Driver/Src/stm32f4xx_hal_i2c.o
                0x00000000080095e4                HAL_I2C_Master_Transmit
 .text.HAL_I2C_Master_Receive
                0x00000000080097e0      0x44c Drivers/STM32F4xx_HAL_Driver/Src/stm32f4xx_hal_i2c.o
                0x00000000080097e0                HAL_I2C_Master_Receive
 .text.HAL_I2C_Mem_Write
                0x0000000008009c2c      0x1f4 Drivers/STM32F4xx_HAL_Driver/Src/stm32f4xx_hal_i2c.o
                0x0000000008009c2c                HAL_I2C_Mem_Write
 .text.HAL_I2C_Mem_Read
                0x0000000008009e20      0x44c Drivers/STM32F4xx_HAL_Driver/Src/stm32f4xx_hal_i2c.o
                0x0000000008009e20                HAL_I2C_Mem_Read
 .text.I2C_MasterRequestWrite
                0x000000000800a26c      0x104 Drivers/STM32F4xx_HAL_Driver/Src/stm32f4xx_hal_i2c.o
 .text.I2C_MasterRequestRead
                0x000000000800a370      0x19c Drivers/STM32F4xx_HAL_Driver/Src/stm32f4xx_hal_i2c.o
 .text.I2C_RequestMemoryWrite
                0x000000000800a50c      0x12c Drivers/STM32F4xx_HAL_Driver/Src/stm32f4xx_hal_i2c.o
 .text.I2C_RequestMemoryRead
                0x000000000800a638      0x1d0 Drivers/STM32F4xx_HAL_Driver/Src/stm32f4xx_hal_i2c.o
 .text.I2C_WaitOnFlagUntilTimeout
                0x000000000800a808       0xae Drivers/STM32F4xx_HAL_Driver/Src/stm32f4xx_hal_i2c.o
 .text.I2C_WaitOnMasterAddressFlagUntilTimeout
                0x000000000800a8b6       0xfe Drivers/STM32F4xx_HAL_Driver/Src/stm32f4xx_hal_i2c.o
 .text.I2C_WaitOnTXEFlagUntilTimeout
                0x000000000800a9b4       0x82 Drivers/STM32F4xx_HAL_Driver/Src/stm32f4xx_hal_i2c.o
 .text.I2C_WaitOnBTFFlagUntilTimeout
                0x000000000800aa36       0x82 Drivers/STM32F4xx_HAL_Driver/Src/stm32f4xx_hal_i2c.o
 .text.I2C_WaitOnRXNEFlagUntilTimeout
                0x000000000800aab8       0xac Drivers/STM32F4xx_HAL_Driver/Src/stm32f4xx_hal_i2c.o
 .text.I2C_IsAcknowledgeFailed
                0x000000000800ab64       0x5e Drivers/STM32F4xx_HAL_Driver/Src/stm32f4xx_hal_i2c.o
 *fill*         0x000000000800abc2        0x2 
 .text.HAL_RCC_OscConfig
                0x000000000800abc4      0x4f0 Drivers/STM32F4xx_HAL_Driver/Src/stm32f4xx_hal_rcc.o
                0x000000000800abc4                HAL_RCC_OscConfig
 .text.HAL_RCC_ClockConfig
                0x000000000800b0b4      0x1cc Drivers/STM32F4xx_HAL_Driver/Src/stm32f4xx_hal_rcc.o
                0x000000000800b0b4                HAL_RCC_ClockConfig
 .text.HAL_RCC_GetSysClockFreq
                0x000000000800b280      0x1c4 Drivers/STM32F4xx_HAL_Driver/Src/stm32f4xx_hal_rcc.o
                0x000000000800b280                HAL_RCC_GetSysClockFreq
 .text.HAL_RCC_GetHCLKFreq
                0x000000000800b444       0x18 Drivers/STM32F4xx_HAL_Driver/Src/stm32f4xx_hal_rcc.o
                0x000000000800b444                HAL_RCC_GetHCLKFreq
 .text.HAL_RCC_GetPCLK1Freq
                0x000000000800b45c       0x28 Drivers/STM32F4xx_HAL_Driver/Src/stm32f4xx_hal_rcc.o
                0x000000000800b45c                HAL_RCC_GetPCLK1Freq
 .text.HAL_RCC_GetPCLK2Freq
                0x000000000800b484       0x28 Drivers/STM32F4xx_HAL_Driver/Src/stm32f4xx_hal_rcc.o
                0x000000000800b484                HAL_RCC_GetPCLK2Freq
 .text.HAL_TIM_Base_Init
                0x000000000800b4ac       0x9e Drivers/STM32F4xx_HAL_Driver/Src/stm32f4xx_hal_tim.o
                0x000000000800b4ac                HAL_TIM_Base_Init
 *fill*         0x000000000800b54a        0x2 
 .text.HAL_TIM_Base_Start_IT
                0x000000000800b54c       0xc4 Drivers/STM32F4xx_HAL_Driver/Src/stm32f4xx_hal_tim.o
                0x000000000800b54c                HAL_TIM_Base_Start_IT
 .text.HAL_TIM_IRQHandler
                0x000000000800b610      0x210 Drivers/STM32F4xx_HAL_Driver/Src/stm32f4xx_hal_tim.o
                0x000000000800b610                HAL_TIM_IRQHandler
 .text.HAL_TIM_OC_DelayElapsedCallback
                0x000000000800b820       0x14 Drivers/STM32F4xx_HAL_Driver/Src/stm32f4xx_hal_tim.o
                0x000000000800b820                HAL_TIM_OC_DelayElapsedCallback
 .text.HAL_TIM_IC_CaptureCallback
                0x000000000800b834       0x14 Drivers/STM32F4xx_HAL_Driver/Src/stm32f4xx_hal_tim.o
                0x000000000800b834                HAL_TIM_IC_CaptureCallback
 .text.HAL_TIM_PWM_PulseFinishedCallback
                0x000000000800b848       0x14 Drivers/STM32F4xx_HAL_Driver/Src/stm32f4xx_hal_tim.o
                0x000000000800b848                HAL_TIM_PWM_PulseFinishedCallback
 .text.HAL_TIM_TriggerCallback
                0x000000000800b85c       0x14 Drivers/STM32F4xx_HAL_Driver/Src/stm32f4xx_hal_tim.o
                0x000000000800b85c                HAL_TIM_TriggerCallback
 .text.TIM_Base_SetConfig
                0x000000000800b870      0x100 Drivers/STM32F4xx_HAL_Driver/Src/stm32f4xx_hal_tim.o
                0x000000000800b870                TIM_Base_SetConfig
 .text.HAL_TIMEx_CommutCallback
                0x000000000800b970       0x14 Drivers/STM32F4xx_HAL_Driver/Src/stm32f4xx_hal_tim_ex.o
                0x000000000800b970                HAL_TIMEx_CommutCallback
 .text.HAL_TIMEx_BreakCallback
                0x000000000800b984       0x14 Drivers/STM32F4xx_HAL_Driver/Src/stm32f4xx_hal_tim_ex.o
                0x000000000800b984                HAL_TIMEx_BreakCallback
 .text.HAL_UART_Init
                0x000000000800b998       0x9a Drivers/STM32F4xx_HAL_Driver/Src/stm32f4xx_hal_uart.o
                0x000000000800b998                HAL_UART_Init
 .text.HAL_UART_Transmit
                0x000000000800ba32      0x124 Drivers/STM32F4xx_HAL_Driver/Src/stm32f4xx_hal_uart.o
                0x000000000800ba32                HAL_UART_Transmit
 *fill*         0x000000000800bb56        0x2 
 .text.HAL_UART_Transmit_DMA
                0x000000000800bb58       0xd8 Drivers/STM32F4xx_HAL_Driver/Src/stm32f4xx_hal_uart.o
                0x000000000800bb58                HAL_UART_Transmit_DMA
 .text.HAL_UART_Receive_DMA
                0x000000000800bc30       0x60 Drivers/STM32F4xx_HAL_Driver/Src/stm32f4xx_hal_uart.o
                0x000000000800bc30                HAL_UART_Receive_DMA
 .text.HAL_UART_IRQHandler
                0x000000000800bc90      0x358 Drivers/STM32F4xx_HAL_Driver/Src/stm32f4xx_hal_uart.o
                0x000000000800bc90                HAL_UART_IRQHandler
 .text.HAL_UART_TxHalfCpltCallback
                0x000000000800bfe8       0x14 Drivers/STM32F4xx_HAL_Driver/Src/stm32f4xx_hal_uart.o
                0x000000000800bfe8                HAL_UART_TxHalfCpltCallback
 .text.HAL_UART_RxHalfCpltCallback
                0x000000000800bffc       0x14 Drivers/STM32F4xx_HAL_Driver/Src/stm32f4xx_hal_uart.o
                0x000000000800bffc                HAL_UART_RxHalfCpltCallback
 .text.HAL_UART_ErrorCallback
                0x000000000800c010       0x14 Drivers/STM32F4xx_HAL_Driver/Src/stm32f4xx_hal_uart.o
                0x000000000800c010                HAL_UART_ErrorCallback
 .text.HAL_UARTEx_RxEventCallback
                0x000000000800c024       0x18 Drivers/STM32F4xx_HAL_Driver/Src/stm32f4xx_hal_uart.o
                0x000000000800c024                HAL_UARTEx_RxEventCallback
 .text.UART_DMATransmitCplt
                0x000000000800c03c       0x52 Drivers/STM32F4xx_HAL_Driver/Src/stm32f4xx_hal_uart.o
 .text.UART_DMATxHalfCplt
                0x000000000800c08e       0x1c Drivers/STM32F4xx_HAL_Driver/Src/stm32f4xx_hal_uart.o
 .text.UART_DMAReceiveCplt
                0x000000000800c0aa       0x96 Drivers/STM32F4xx_HAL_Driver/Src/stm32f4xx_hal_uart.o
 .text.UART_DMARxHalfCplt
                0x000000000800c140       0x36 Drivers/STM32F4xx_HAL_Driver/Src/stm32f4xx_hal_uart.o
 .text.UART_DMAError
                0x000000000800c176       0x94 Drivers/STM32F4xx_HAL_Driver/Src/stm32f4xx_hal_uart.o
 .text.UART_WaitOnFlagUntilTimeout
                0x000000000800c20a       0x94 Drivers/STM32F4xx_HAL_Driver/Src/stm32f4xx_hal_uart.o
 *fill*         0x000000000800c29e        0x2 
 .text.UART_Start_Receive_DMA
                0x000000000800c2a0       0xc8 Drivers/STM32F4xx_HAL_Driver/Src/stm32f4xx_hal_uart.o
                0x000000000800c2a0                UART_Start_Receive_DMA
 .text.UART_EndTxTransfer
                0x000000000800c368       0x2c Drivers/STM32F4xx_HAL_Driver/Src/stm32f4xx_hal_uart.o
 .text.UART_EndRxTransfer
                0x000000000800c394       0x5a Drivers/STM32F4xx_HAL_Driver/Src/stm32f4xx_hal_uart.o
 .text.UART_DMAAbortOnError
                0x000000000800c3ee       0x28 Drivers/STM32F4xx_HAL_Driver/Src/stm32f4xx_hal_uart.o
 .text.UART_Transmit_IT
                0x000000000800c416       0xa0 Drivers/STM32F4xx_HAL_Driver/Src/stm32f4xx_hal_uart.o
 .text.UART_EndTransmit_IT
                0x000000000800c4b6       0x30 Drivers/STM32F4xx_HAL_Driver/Src/stm32f4xx_hal_uart.o
 .text.UART_Receive_IT
                0x000000000800c4e6      0x12e Drivers/STM32F4xx_HAL_Driver/Src/stm32f4xx_hal_uart.o
 .text.UART_SetConfig
                0x000000000800c614      0x390 Drivers/STM32F4xx_HAL_Driver/Src/stm32f4xx_hal_uart.o
 .text.__cxa_pure_virtual
                0x000000000800c9a4        0x6 /opt/st/stm32cubeide_1.6.1_2/plugins/com.st.stm32cube.ide.mcu.externaltools.gnu-tools-for-stm32.9-2020-q2-update.linux64_1.5.0.202011040924/tools/bin/../lib/gcc/arm-none-eabi/9.3.1/../../../../arm-none-eabi/lib/thumb/v7e-m+fp/hard/libstdc++_nano.a(pure.o)
                0x000000000800c9a4                __cxa_pure_virtual
 .text._ZN10__cxxabiv111__terminateEPFvvE
                0x000000000800c9aa        0x8 /opt/st/stm32cubeide_1.6.1_2/plugins/com.st.stm32cube.ide.mcu.externaltools.gnu-tools-for-stm32.9-2020-q2-update.linux64_1.5.0.202011040924/tools/bin/../lib/gcc/arm-none-eabi/9.3.1/../../../../arm-none-eabi/lib/thumb/v7e-m+fp/hard/libstdc++_nano.a(eh_terminate.o)
                0x000000000800c9aa                __cxxabiv1::__terminate(void (*)())
 *fill*         0x000000000800c9b2        0x2 
 .text._ZSt13get_terminatev
                0x000000000800c9b4       0x10 /opt/st/stm32cubeide_1.6.1_2/plugins/com.st.stm32cube.ide.mcu.externaltools.gnu-tools-for-stm32.9-2020-q2-update.linux64_1.5.0.202011040924/tools/bin/../lib/gcc/arm-none-eabi/9.3.1/../../../../arm-none-eabi/lib/thumb/v7e-m+fp/hard/libstdc++_nano.a(eh_terminate.o)
                0x000000000800c9b4                std::get_terminate()
 .text._ZSt9terminatev
                0x000000000800c9c4        0xa /opt/st/stm32cubeide_1.6.1_2/plugins/com.st.stm32cube.ide.mcu.externaltools.gnu-tools-for-stm32.9-2020-q2-update.linux64_1.5.0.202011040924/tools/bin/../lib/gcc/arm-none-eabi/9.3.1/../../../../arm-none-eabi/lib/thumb/v7e-m+fp/hard/libstdc++_nano.a(eh_terminate.o)
                0x000000000800c9c4                std::terminate()
 .text.abort    0x000000000800c9ce        0xe /opt/st/stm32cubeide_1.6.1_2/plugins/com.st.stm32cube.ide.mcu.externaltools.gnu-tools-for-stm32.9-2020-q2-update.linux64_1.5.0.202011040924/tools/bin/../lib/gcc/arm-none-eabi/9.3.1/../../../../arm-none-eabi/lib/thumb/v7e-m+fp/hard/libc_nano.a(lib_a-abort.o)
                0x000000000800c9ce                abort
 .text.__errno  0x000000000800c9dc        0xc /opt/st/stm32cubeide_1.6.1_2/plugins/com.st.stm32cube.ide.mcu.externaltools.gnu-tools-for-stm32.9-2020-q2-update.linux64_1.5.0.202011040924/tools/bin/../lib/gcc/arm-none-eabi/9.3.1/../../../../arm-none-eabi/lib/thumb/v7e-m+fp/hard/libc_nano.a(lib_a-errno.o)
                0x000000000800c9dc                __errno
 .text.__libc_init_array
                0x000000000800c9e8       0x48 /opt/st/stm32cubeide_1.6.1_2/plugins/com.st.stm32cube.ide.mcu.externaltools.gnu-tools-for-stm32.9-2020-q2-update.linux64_1.5.0.202011040924/tools/bin/../lib/gcc/arm-none-eabi/9.3.1/../../../../arm-none-eabi/lib/thumb/v7e-m+fp/hard/libc_nano.a(lib_a-init.o)
                0x000000000800c9e8                __libc_init_array
 .text.memcpy   0x000000000800ca30       0x1c /opt/st/stm32cubeide_1.6.1_2/plugins/com.st.stm32cube.ide.mcu.externaltools.gnu-tools-for-stm32.9-2020-q2-update.linux64_1.5.0.202011040924/tools/bin/../lib/gcc/arm-none-eabi/9.3.1/../../../../arm-none-eabi/lib/thumb/v7e-m+fp/hard/libc_nano.a(lib_a-memcpy-stub.o)
                0x000000000800ca30                memcpy
 .text.memset   0x000000000800ca4c       0x10 /opt/st/stm32cubeide_1.6.1_2/plugins/com.st.stm32cube.ide.mcu.externaltools.gnu-tools-for-stm32.9-2020-q2-update.linux64_1.5.0.202011040924/tools/bin/../lib/gcc/arm-none-eabi/9.3.1/../../../../arm-none-eabi/lib/thumb/v7e-m+fp/hard/libc_nano.a(lib_a-memset.o)
                0x000000000800ca4c                memset
 .text.__cvt    0x000000000800ca5c       0xc4 /opt/st/stm32cubeide_1.6.1_2/plugins/com.st.stm32cube.ide.mcu.externaltools.gnu-tools-for-stm32.9-2020-q2-update.linux64_1.5.0.202011040924/tools/bin/../lib/gcc/arm-none-eabi/9.3.1/../../../../arm-none-eabi/lib/thumb/v7e-m+fp/hard/libc_nano.a(lib_a-nano-vfprintf_float.o)
                0x000000000800ca5c                __cvt
 .text.__exponent
                0x000000000800cb20       0x7c /opt/st/stm32cubeide_1.6.1_2/plugins/com.st.stm32cube.ide.mcu.externaltools.gnu-tools-for-stm32.9-2020-q2-update.linux64_1.5.0.202011040924/tools/bin/../lib/gcc/arm-none-eabi/9.3.1/../../../../arm-none-eabi/lib/thumb/v7e-m+fp/hard/libc_nano.a(lib_a-nano-vfprintf_float.o)
                0x000000000800cb20                __exponent
 .text._printf_float
                0x000000000800cb9c      0x46c /opt/st/stm32cubeide_1.6.1_2/plugins/com.st.stm32cube.ide.mcu.externaltools.gnu-tools-for-stm32.9-2020-q2-update.linux64_1.5.0.202011040924/tools/bin/../lib/gcc/arm-none-eabi/9.3.1/../../../../arm-none-eabi/lib/thumb/v7e-m+fp/hard/libc_nano.a(lib_a-nano-vfprintf_float.o)
                0x000000000800cb9c                _printf_float
 .text._printf_common
                0x000000000800d008       0xda /opt/st/stm32cubeide_1.6.1_2/plugins/com.st.stm32cube.ide.mcu.externaltools.gnu-tools-for-stm32.9-2020-q2-update.linux64_1.5.0.202011040924/tools/bin/../lib/gcc/arm-none-eabi/9.3.1/../../../../arm-none-eabi/lib/thumb/v7e-m+fp/hard/libc_nano.a(lib_a-nano-vfprintf_i.o)
                0x000000000800d008                _printf_common
 *fill*         0x000000000800d0e2        0x2 
 .text._printf_i
                0x000000000800d0e4      0x24c /opt/st/stm32cubeide_1.6.1_2/plugins/com.st.stm32cube.ide.mcu.externaltools.gnu-tools-for-stm32.9-2020-q2-update.linux64_1.5.0.202011040924/tools/bin/../lib/gcc/arm-none-eabi/9.3.1/../../../../arm-none-eabi/lib/thumb/v7e-m+fp/hard/libc_nano.a(lib_a-nano-vfprintf_i.o)
                0x000000000800d0e4                _printf_i
 .text.printf   0x000000000800d330       0x30 /opt/st/stm32cubeide_1.6.1_2/plugins/com.st.stm32cube.ide.mcu.externaltools.gnu-tools-for-stm32.9-2020-q2-update.linux64_1.5.0.202011040924/tools/bin/../lib/gcc/arm-none-eabi/9.3.1/../../../../arm-none-eabi/lib/thumb/v7e-m+fp/hard/libc_nano.a(lib_a-printf.o)
                0x000000000800d330                printf
                0x000000000800d330                iprintf
 .text._puts_r  0x000000000800d360       0xdc /opt/st/stm32cubeide_1.6.1_2/plugins/com.st.stm32cube.ide.mcu.externaltools.gnu-tools-for-stm32.9-2020-q2-update.linux64_1.5.0.202011040924/tools/bin/../lib/gcc/arm-none-eabi/9.3.1/../../../../arm-none-eabi/lib/thumb/v7e-m+fp/hard/libc_nano.a(lib_a-puts.o)
                0x000000000800d360                _puts_r
 .text.puts     0x000000000800d43c       0x10 /opt/st/stm32cubeide_1.6.1_2/plugins/com.st.stm32cube.ide.mcu.externaltools.gnu-tools-for-stm32.9-2020-q2-update.linux64_1.5.0.202011040924/tools/bin/../lib/gcc/arm-none-eabi/9.3.1/../../../../arm-none-eabi/lib/thumb/v7e-m+fp/hard/libc_nano.a(lib_a-puts.o)
                0x000000000800d43c                puts
 .text.realloc  0x000000000800d44c       0x10 /opt/st/stm32cubeide_1.6.1_2/plugins/com.st.stm32cube.ide.mcu.externaltools.gnu-tools-for-stm32.9-2020-q2-update.linux64_1.5.0.202011040924/tools/bin/../lib/gcc/arm-none-eabi/9.3.1/../../../../arm-none-eabi/lib/thumb/v7e-m+fp/hard/libc_nano.a(lib_a-realloc.o)
                0x000000000800d44c                realloc
 .text._raise_r
                0x000000000800d45c       0x50 /opt/st/stm32cubeide_1.6.1_2/plugins/com.st.stm32cube.ide.mcu.externaltools.gnu-tools-for-stm32.9-2020-q2-update.linux64_1.5.0.202011040924/tools/bin/../lib/gcc/arm-none-eabi/9.3.1/../../../../arm-none-eabi/lib/thumb/v7e-m+fp/hard/libc_nano.a(lib_a-signal.o)
                0x000000000800d45c                _raise_r
 .text.raise    0x000000000800d4ac       0x10 /opt/st/stm32cubeide_1.6.1_2/plugins/com.st.stm32cube.ide.mcu.externaltools.gnu-tools-for-stm32.9-2020-q2-update.linux64_1.5.0.202011040924/tools/bin/../lib/gcc/arm-none-eabi/9.3.1/../../../../arm-none-eabi/lib/thumb/v7e-m+fp/hard/libc_nano.a(lib_a-signal.o)
                0x000000000800d4ac                raise
 .text._kill_r  0x000000000800d4bc       0x24 /opt/st/stm32cubeide_1.6.1_2/plugins/com.st.stm32cube.ide.mcu.externaltools.gnu-tools-for-stm32.9-2020-q2-update.linux64_1.5.0.202011040924/tools/bin/../lib/gcc/arm-none-eabi/9.3.1/../../../../arm-none-eabi/lib/thumb/v7e-m+fp/hard/libc_nano.a(lib_a-signalr.o)
                0x000000000800d4bc                _kill_r
 .text._getpid_r
                0x000000000800d4e0        0x4 /opt/st/stm32cubeide_1.6.1_2/plugins/com.st.stm32cube.ide.mcu.externaltools.gnu-tools-for-stm32.9-2020-q2-update.linux64_1.5.0.202011040924/tools/bin/../lib/gcc/arm-none-eabi/9.3.1/../../../../arm-none-eabi/lib/thumb/v7e-m+fp/hard/libc_nano.a(lib_a-signalr.o)
                0x000000000800d4e0                _getpid_r
 .text.snprintf
                0x000000000800d4e4       0x68 /opt/st/stm32cubeide_1.6.1_2/plugins/com.st.stm32cube.ide.mcu.externaltools.gnu-tools-for-stm32.9-2020-q2-update.linux64_1.5.0.202011040924/tools/bin/../lib/gcc/arm-none-eabi/9.3.1/../../../../arm-none-eabi/lib/thumb/v7e-m+fp/hard/libc_nano.a(lib_a-snprintf.o)
                0x000000000800d4e4                snprintf
                0x000000000800d4e4                sniprintf
 .text.__swbuf_r
                0x000000000800d54c       0xa4 /opt/st/stm32cubeide_1.6.1_2/plugins/com.st.stm32cube.ide.mcu.externaltools.gnu-tools-for-stm32.9-2020-q2-update.linux64_1.5.0.202011040924/tools/bin/../lib/gcc/arm-none-eabi/9.3.1/../../../../arm-none-eabi/lib/thumb/v7e-m+fp/hard/libc_nano.a(lib_a-wbuf.o)
                0x000000000800d54c                __swbuf_r
 .text.__swsetup_r
                0x000000000800d5f0       0xdc /opt/st/stm32cubeide_1.6.1_2/plugins/com.st.stm32cube.ide.mcu.externaltools.gnu-tools-for-stm32.9-2020-q2-update.linux64_1.5.0.202011040924/tools/bin/../lib/gcc/arm-none-eabi/9.3.1/../../../../arm-none-eabi/lib/thumb/v7e-m+fp/hard/libc_nano.a(lib_a-wsetup.o)
                0x000000000800d5f0                __swsetup_r
 .text.quorem   0x000000000800d6cc      0x116 /opt/st/stm32cubeide_1.6.1_2/plugins/com.st.stm32cube.ide.mcu.externaltools.gnu-tools-for-stm32.9-2020-q2-update.linux64_1.5.0.202011040924/tools/bin/../lib/gcc/arm-none-eabi/9.3.1/../../../../arm-none-eabi/lib/thumb/v7e-m+fp/hard/libc_nano.a(lib_a-dtoa.o)
 *fill*         0x000000000800d7e2        0x6 
 .text._dtoa_r  0x000000000800d7e8      0xbd8 /opt/st/stm32cubeide_1.6.1_2/plugins/com.st.stm32cube.ide.mcu.externaltools.gnu-tools-for-stm32.9-2020-q2-update.linux64_1.5.0.202011040924/tools/bin/../lib/gcc/arm-none-eabi/9.3.1/../../../../arm-none-eabi/lib/thumb/v7e-m+fp/hard/libc_nano.a(lib_a-dtoa.o)
                0x000000000800d7e8                _dtoa_r
 .text.__sflush_r
                0x000000000800e3c0      0x10c /opt/st/stm32cubeide_1.6.1_2/plugins/com.st.stm32cube.ide.mcu.externaltools.gnu-tools-for-stm32.9-2020-q2-update.linux64_1.5.0.202011040924/tools/bin/../lib/gcc/arm-none-eabi/9.3.1/../../../../arm-none-eabi/lib/thumb/v7e-m+fp/hard/libc_nano.a(lib_a-fflush.o)
                0x000000000800e3c0                __sflush_r
 .text._fflush_r
                0x000000000800e4cc       0x78 /opt/st/stm32cubeide_1.6.1_2/plugins/com.st.stm32cube.ide.mcu.externaltools.gnu-tools-for-stm32.9-2020-q2-update.linux64_1.5.0.202011040924/tools/bin/../lib/gcc/arm-none-eabi/9.3.1/../../../../arm-none-eabi/lib/thumb/v7e-m+fp/hard/libc_nano.a(lib_a-fflush.o)
                0x000000000800e4cc                _fflush_r
 .text.std      0x000000000800e544       0x48 /opt/st/stm32cubeide_1.6.1_2/plugins/com.st.stm32cube.ide.mcu.externaltools.gnu-tools-for-stm32.9-2020-q2-update.linux64_1.5.0.202011040924/tools/bin/../lib/gcc/arm-none-eabi/9.3.1/../../../../arm-none-eabi/lib/thumb/v7e-m+fp/hard/libc_nano.a(lib_a-findfp.o)
 .text._cleanup_r
                0x000000000800e58c        0xc /opt/st/stm32cubeide_1.6.1_2/plugins/com.st.stm32cube.ide.mcu.externaltools.gnu-tools-for-stm32.9-2020-q2-update.linux64_1.5.0.202011040924/tools/bin/../lib/gcc/arm-none-eabi/9.3.1/../../../../arm-none-eabi/lib/thumb/v7e-m+fp/hard/libc_nano.a(lib_a-findfp.o)
                0x000000000800e58c                _cleanup_r
 .text.__sfmoreglue
                0x000000000800e598       0x2c /opt/st/stm32cubeide_1.6.1_2/plugins/com.st.stm32cube.ide.mcu.externaltools.gnu-tools-for-stm32.9-2020-q2-update.linux64_1.5.0.202011040924/tools/bin/../lib/gcc/arm-none-eabi/9.3.1/../../../../arm-none-eabi/lib/thumb/v7e-m+fp/hard/libc_nano.a(lib_a-findfp.o)
                0x000000000800e598                __sfmoreglue
 .text.__sfp_lock_acquire
                0x000000000800e5c4        0xc /opt/st/stm32cubeide_1.6.1_2/plugins/com.st.stm32cube.ide.mcu.externaltools.gnu-tools-for-stm32.9-2020-q2-update.linux64_1.5.0.202011040924/tools/bin/../lib/gcc/arm-none-eabi/9.3.1/../../../../arm-none-eabi/lib/thumb/v7e-m+fp/hard/libc_nano.a(lib_a-findfp.o)
                0x000000000800e5c4                __sfp_lock_acquire
 .text.__sfp_lock_release
                0x000000000800e5d0        0xc /opt/st/stm32cubeide_1.6.1_2/plugins/com.st.stm32cube.ide.mcu.externaltools.gnu-tools-for-stm32.9-2020-q2-update.linux64_1.5.0.202011040924/tools/bin/../lib/gcc/arm-none-eabi/9.3.1/../../../../arm-none-eabi/lib/thumb/v7e-m+fp/hard/libc_nano.a(lib_a-findfp.o)
                0x000000000800e5d0                __sfp_lock_release
 .text.__sinit_lock_acquire
                0x000000000800e5dc        0xc /opt/st/stm32cubeide_1.6.1_2/plugins/com.st.stm32cube.ide.mcu.externaltools.gnu-tools-for-stm32.9-2020-q2-update.linux64_1.5.0.202011040924/tools/bin/../lib/gcc/arm-none-eabi/9.3.1/../../../../arm-none-eabi/lib/thumb/v7e-m+fp/hard/libc_nano.a(lib_a-findfp.o)
                0x000000000800e5dc                __sinit_lock_acquire
 .text.__sinit_lock_release
                0x000000000800e5e8        0xc /opt/st/stm32cubeide_1.6.1_2/plugins/com.st.stm32cube.ide.mcu.externaltools.gnu-tools-for-stm32.9-2020-q2-update.linux64_1.5.0.202011040924/tools/bin/../lib/gcc/arm-none-eabi/9.3.1/../../../../arm-none-eabi/lib/thumb/v7e-m+fp/hard/libc_nano.a(lib_a-findfp.o)
                0x000000000800e5e8                __sinit_lock_release
 .text.__sinit  0x000000000800e5f4       0x70 /opt/st/stm32cubeide_1.6.1_2/plugins/com.st.stm32cube.ide.mcu.externaltools.gnu-tools-for-stm32.9-2020-q2-update.linux64_1.5.0.202011040924/tools/bin/../lib/gcc/arm-none-eabi/9.3.1/../../../../arm-none-eabi/lib/thumb/v7e-m+fp/hard/libc_nano.a(lib_a-findfp.o)
                0x000000000800e5f4                __sinit
 .text.__sfp    0x000000000800e664       0x8c /opt/st/stm32cubeide_1.6.1_2/plugins/com.st.stm32cube.ide.mcu.externaltools.gnu-tools-for-stm32.9-2020-q2-update.linux64_1.5.0.202011040924/tools/bin/../lib/gcc/arm-none-eabi/9.3.1/../../../../arm-none-eabi/lib/thumb/v7e-m+fp/hard/libc_nano.a(lib_a-findfp.o)
                0x000000000800e664                __sfp
 .text._fwalk_reent
                0x000000000800e6f0       0x3e /opt/st/stm32cubeide_1.6.1_2/plugins/com.st.stm32cube.ide.mcu.externaltools.gnu-tools-for-stm32.9-2020-q2-update.linux64_1.5.0.202011040924/tools/bin/../lib/gcc/arm-none-eabi/9.3.1/../../../../arm-none-eabi/lib/thumb/v7e-m+fp/hard/libc_nano.a(lib_a-fwalk.o)
                0x000000000800e6f0                _fwalk_reent
 *fill*         0x000000000800e72e        0x2 
 .text._localeconv_r
                0x000000000800e730        0x8 /opt/st/stm32cubeide_1.6.1_2/plugins/com.st.stm32cube.ide.mcu.externaltools.gnu-tools-for-stm32.9-2020-q2-update.linux64_1.5.0.202011040924/tools/bin/../lib/gcc/arm-none-eabi/9.3.1/../../../../arm-none-eabi/lib/thumb/v7e-m+fp/hard/libc_nano.a(lib_a-localeconv.o)
                0x000000000800e730                _localeconv_r
 .text.__retarget_lock_init_recursive
                0x000000000800e738        0x2 /opt/st/stm32cubeide_1.6.1_2/plugins/com.st.stm32cube.ide.mcu.externaltools.gnu-tools-for-stm32.9-2020-q2-update.linux64_1.5.0.202011040924/tools/bin/../lib/gcc/arm-none-eabi/9.3.1/../../../../arm-none-eabi/lib/thumb/v7e-m+fp/hard/libc_nano.a(lib_a-lock.o)
                0x000000000800e738                __retarget_lock_init_recursive
 .text.__retarget_lock_acquire_recursive
                0x000000000800e73a        0x2 /opt/st/stm32cubeide_1.6.1_2/plugins/com.st.stm32cube.ide.mcu.externaltools.gnu-tools-for-stm32.9-2020-q2-update.linux64_1.5.0.202011040924/tools/bin/../lib/gcc/arm-none-eabi/9.3.1/../../../../arm-none-eabi/lib/thumb/v7e-m+fp/hard/libc_nano.a(lib_a-lock.o)
                0x000000000800e73a                __retarget_lock_acquire_recursive
 .text.__retarget_lock_release_recursive
                0x000000000800e73c        0x2 /opt/st/stm32cubeide_1.6.1_2/plugins/com.st.stm32cube.ide.mcu.externaltools.gnu-tools-for-stm32.9-2020-q2-update.linux64_1.5.0.202011040924/tools/bin/../lib/gcc/arm-none-eabi/9.3.1/../../../../arm-none-eabi/lib/thumb/v7e-m+fp/hard/libc_nano.a(lib_a-lock.o)
                0x000000000800e73c                __retarget_lock_release_recursive
 .text.__swhatbuf_r
                0x000000000800e73e       0x48 /opt/st/stm32cubeide_1.6.1_2/plugins/com.st.stm32cube.ide.mcu.externaltools.gnu-tools-for-stm32.9-2020-q2-update.linux64_1.5.0.202011040924/tools/bin/../lib/gcc/arm-none-eabi/9.3.1/../../../../arm-none-eabi/lib/thumb/v7e-m+fp/hard/libc_nano.a(lib_a-makebuf.o)
                0x000000000800e73e                __swhatbuf_r
 *fill*         0x000000000800e786        0x2 
 .text.__smakebuf_r
                0x000000000800e788       0x80 /opt/st/stm32cubeide_1.6.1_2/plugins/com.st.stm32cube.ide.mcu.externaltools.gnu-tools-for-stm32.9-2020-q2-update.linux64_1.5.0.202011040924/tools/bin/../lib/gcc/arm-none-eabi/9.3.1/../../../../arm-none-eabi/lib/thumb/v7e-m+fp/hard/libc_nano.a(lib_a-makebuf.o)
                0x000000000800e788                __smakebuf_r
 .text.malloc   0x000000000800e808       0x10 /opt/st/stm32cubeide_1.6.1_2/plugins/com.st.stm32cube.ide.mcu.externaltools.gnu-tools-for-stm32.9-2020-q2-update.linux64_1.5.0.202011040924/tools/bin/../lib/gcc/arm-none-eabi/9.3.1/../../../../arm-none-eabi/lib/thumb/v7e-m+fp/hard/libc_nano.a(lib_a-malloc.o)
                0x000000000800e808                malloc
 .text._Balloc  0x000000000800e818       0x80 /opt/st/stm32cubeide_1.6.1_2/plugins/com.st.stm32cube.ide.mcu.externaltools.gnu-tools-for-stm32.9-2020-q2-update.linux64_1.5.0.202011040924/tools/bin/../lib/gcc/arm-none-eabi/9.3.1/../../../../arm-none-eabi/lib/thumb/v7e-m+fp/hard/libc_nano.a(lib_a-mprec.o)
                0x000000000800e818                _Balloc
 .text._Bfree   0x000000000800e898       0x44 /opt/st/stm32cubeide_1.6.1_2/plugins/com.st.stm32cube.ide.mcu.externaltools.gnu-tools-for-stm32.9-2020-q2-update.linux64_1.5.0.202011040924/tools/bin/../lib/gcc/arm-none-eabi/9.3.1/../../../../arm-none-eabi/lib/thumb/v7e-m+fp/hard/libc_nano.a(lib_a-mprec.o)
                0x000000000800e898                _Bfree
 .text.__multadd
                0x000000000800e8dc       0x94 /opt/st/stm32cubeide_1.6.1_2/plugins/com.st.stm32cube.ide.mcu.externaltools.gnu-tools-for-stm32.9-2020-q2-update.linux64_1.5.0.202011040924/tools/bin/../lib/gcc/arm-none-eabi/9.3.1/../../../../arm-none-eabi/lib/thumb/v7e-m+fp/hard/libc_nano.a(lib_a-mprec.o)
                0x000000000800e8dc                __multadd
 .text.__hi0bits
                0x000000000800e970       0x40 /opt/st/stm32cubeide_1.6.1_2/plugins/com.st.stm32cube.ide.mcu.externaltools.gnu-tools-for-stm32.9-2020-q2-update.linux64_1.5.0.202011040924/tools/bin/../lib/gcc/arm-none-eabi/9.3.1/../../../../arm-none-eabi/lib/thumb/v7e-m+fp/hard/libc_nano.a(lib_a-mprec.o)
                0x000000000800e970                __hi0bits
 .text.__lo0bits
                0x000000000800e9b0       0x60 /opt/st/stm32cubeide_1.6.1_2/plugins/com.st.stm32cube.ide.mcu.externaltools.gnu-tools-for-stm32.9-2020-q2-update.linux64_1.5.0.202011040924/tools/bin/../lib/gcc/arm-none-eabi/9.3.1/../../../../arm-none-eabi/lib/thumb/v7e-m+fp/hard/libc_nano.a(lib_a-mprec.o)
                0x000000000800e9b0                __lo0bits
 .text.__i2b    0x000000000800ea10       0x2c /opt/st/stm32cubeide_1.6.1_2/plugins/com.st.stm32cube.ide.mcu.externaltools.gnu-tools-for-stm32.9-2020-q2-update.linux64_1.5.0.202011040924/tools/bin/../lib/gcc/arm-none-eabi/9.3.1/../../../../arm-none-eabi/lib/thumb/v7e-m+fp/hard/libc_nano.a(lib_a-mprec.o)
                0x000000000800ea10                __i2b
 .text.__multiply
                0x000000000800ea3c      0x14c /opt/st/stm32cubeide_1.6.1_2/plugins/com.st.stm32cube.ide.mcu.externaltools.gnu-tools-for-stm32.9-2020-q2-update.linux64_1.5.0.202011040924/tools/bin/../lib/gcc/arm-none-eabi/9.3.1/../../../../arm-none-eabi/lib/thumb/v7e-m+fp/hard/libc_nano.a(lib_a-mprec.o)
                0x000000000800ea3c                __multiply
 .text.__pow5mult
                0x000000000800eb88       0xb4 /opt/st/stm32cubeide_1.6.1_2/plugins/com.st.stm32cube.ide.mcu.externaltools.gnu-tools-for-stm32.9-2020-q2-update.linux64_1.5.0.202011040924/tools/bin/../lib/gcc/arm-none-eabi/9.3.1/../../../../arm-none-eabi/lib/thumb/v7e-m+fp/hard/libc_nano.a(lib_a-mprec.o)
                0x000000000800eb88                __pow5mult
 .text.__lshift
                0x000000000800ec3c       0xd8 /opt/st/stm32cubeide_1.6.1_2/plugins/com.st.stm32cube.ide.mcu.externaltools.gnu-tools-for-stm32.9-2020-q2-update.linux64_1.5.0.202011040924/tools/bin/../lib/gcc/arm-none-eabi/9.3.1/../../../../arm-none-eabi/lib/thumb/v7e-m+fp/hard/libc_nano.a(lib_a-mprec.o)
                0x000000000800ec3c                __lshift
 .text.__mcmp   0x000000000800ed14       0x38 /opt/st/stm32cubeide_1.6.1_2/plugins/com.st.stm32cube.ide.mcu.externaltools.gnu-tools-for-stm32.9-2020-q2-update.linux64_1.5.0.202011040924/tools/bin/../lib/gcc/arm-none-eabi/9.3.1/../../../../arm-none-eabi/lib/thumb/v7e-m+fp/hard/libc_nano.a(lib_a-mprec.o)
                0x000000000800ed14                __mcmp
 .text.__mdiff  0x000000000800ed4c      0x110 /opt/st/stm32cubeide_1.6.1_2/plugins/com.st.stm32cube.ide.mcu.externaltools.gnu-tools-for-stm32.9-2020-q2-update.linux64_1.5.0.202011040924/tools/bin/../lib/gcc/arm-none-eabi/9.3.1/../../../../arm-none-eabi/lib/thumb/v7e-m+fp/hard/libc_nano.a(lib_a-mprec.o)
                0x000000000800ed4c                __mdiff
 .text.__d2b    0x000000000800ee5c       0xb8 /opt/st/stm32cubeide_1.6.1_2/plugins/com.st.stm32cube.ide.mcu.externaltools.gnu-tools-for-stm32.9-2020-q2-update.linux64_1.5.0.202011040924/tools/bin/../lib/gcc/arm-none-eabi/9.3.1/../../../../arm-none-eabi/lib/thumb/v7e-m+fp/hard/libc_nano.a(lib_a-mprec.o)
                0x000000000800ee5c                __d2b
 .text._calloc_r
                0x000000000800ef14       0x1e /opt/st/stm32cubeide_1.6.1_2/plugins/com.st.stm32cube.ide.mcu.externaltools.gnu-tools-for-stm32.9-2020-q2-update.linux64_1.5.0.202011040924/tools/bin/../lib/gcc/arm-none-eabi/9.3.1/../../../../arm-none-eabi/lib/thumb/v7e-m+fp/hard/libc_nano.a(lib_a-nano-callocr.o)
                0x000000000800ef14                _calloc_r
 *fill*         0x000000000800ef32        0x2 
 .text._free_r  0x000000000800ef34       0xa0 /opt/st/stm32cubeide_1.6.1_2/plugins/com.st.stm32cube.ide.mcu.externaltools.gnu-tools-for-stm32.9-2020-q2-update.linux64_1.5.0.202011040924/tools/bin/../lib/gcc/arm-none-eabi/9.3.1/../../../../arm-none-eabi/lib/thumb/v7e-m+fp/hard/libc_nano.a(lib_a-nano-freer.o)
                0x000000000800ef34                _free_r
 .text._malloc_r
                0x000000000800efd4       0xb4 /opt/st/stm32cubeide_1.6.1_2/plugins/com.st.stm32cube.ide.mcu.externaltools.gnu-tools-for-stm32.9-2020-q2-update.linux64_1.5.0.202011040924/tools/bin/../lib/gcc/arm-none-eabi/9.3.1/../../../../arm-none-eabi/lib/thumb/v7e-m+fp/hard/libc_nano.a(lib_a-nano-mallocr.o)
                0x000000000800efd4                _malloc_r
 .text._realloc_r
                0x000000000800f088       0x4c /opt/st/stm32cubeide_1.6.1_2/plugins/com.st.stm32cube.ide.mcu.externaltools.gnu-tools-for-stm32.9-2020-q2-update.linux64_1.5.0.202011040924/tools/bin/../lib/gcc/arm-none-eabi/9.3.1/../../../../arm-none-eabi/lib/thumb/v7e-m+fp/hard/libc_nano.a(lib_a-nano-reallocr.o)
                0x000000000800f088                _realloc_r
 .text.__ssputs_r
                0x000000000800f0d4       0xb6 /opt/st/stm32cubeide_1.6.1_2/plugins/com.st.stm32cube.ide.mcu.externaltools.gnu-tools-for-stm32.9-2020-q2-update.linux64_1.5.0.202011040924/tools/bin/../lib/gcc/arm-none-eabi/9.3.1/../../../../arm-none-eabi/lib/thumb/v7e-m+fp/hard/libc_nano.a(lib_a-nano-svfprintf.o)
                0x000000000800f0d4                __ssputs_r
 *fill*         0x000000000800f18a        0x2 
 .text._svfprintf_r
                0x000000000800f18c      0x200 /opt/st/stm32cubeide_1.6.1_2/plugins/com.st.stm32cube.ide.mcu.externaltools.gnu-tools-for-stm32.9-2020-q2-update.linux64_1.5.0.202011040924/tools/bin/../lib/gcc/arm-none-eabi/9.3.1/../../../../arm-none-eabi/lib/thumb/v7e-m+fp/hard/libc_nano.a(lib_a-nano-svfprintf.o)
                0x000000000800f18c                _svfprintf_r
                0x000000000800f18c                _svfiprintf_r
 .text.__sfputc_r
                0x000000000800f38c       0x2e /opt/st/stm32cubeide_1.6.1_2/plugins/com.st.stm32cube.ide.mcu.externaltools.gnu-tools-for-stm32.9-2020-q2-update.linux64_1.5.0.202011040924/tools/bin/../lib/gcc/arm-none-eabi/9.3.1/../../../../arm-none-eabi/lib/thumb/v7e-m+fp/hard/libc_nano.a(lib_a-nano-vfprintf.o)
 .text.__sfputs_r
                0x000000000800f3ba       0x24 /opt/st/stm32cubeide_1.6.1_2/plugins/com.st.stm32cube.ide.mcu.externaltools.gnu-tools-for-stm32.9-2020-q2-update.linux64_1.5.0.202011040924/tools/bin/../lib/gcc/arm-none-eabi/9.3.1/../../../../arm-none-eabi/lib/thumb/v7e-m+fp/hard/libc_nano.a(lib_a-nano-vfprintf.o)
                0x000000000800f3ba                __sfputs_r
 *fill*         0x000000000800f3de        0x2 
 .text._vfprintf_r
                0x000000000800f3e0      0x260 /opt/st/stm32cubeide_1.6.1_2/plugins/com.st.stm32cube.ide.mcu.externaltools.gnu-tools-for-stm32.9-2020-q2-update.linux64_1.5.0.202011040924/tools/bin/../lib/gcc/arm-none-eabi/9.3.1/../../../../arm-none-eabi/lib/thumb/v7e-m+fp/hard/libc_nano.a(lib_a-nano-vfprintf.o)
                0x000000000800f3e0                _vfiprintf_r
                0x000000000800f3e0                _vfprintf_r
 .text._sbrk_r  0x000000000800f640       0x20 /opt/st/stm32cubeide_1.6.1_2/plugins/com.st.stm32cube.ide.mcu.externaltools.gnu-tools-for-stm32.9-2020-q2-update.linux64_1.5.0.202011040924/tools/bin/../lib/gcc/arm-none-eabi/9.3.1/../../../../arm-none-eabi/lib/thumb/v7e-m+fp/hard/libc_nano.a(lib_a-sbrkr.o)
                0x000000000800f640                _sbrk_r
 .text.__sread  0x000000000800f660       0x22 /opt/st/stm32cubeide_1.6.1_2/plugins/com.st.stm32cube.ide.mcu.externaltools.gnu-tools-for-stm32.9-2020-q2-update.linux64_1.5.0.202011040924/tools/bin/../lib/gcc/arm-none-eabi/9.3.1/../../../../arm-none-eabi/lib/thumb/v7e-m+fp/hard/libc_nano.a(lib_a-stdio.o)
                0x000000000800f660                __sread
 .text.__swrite
                0x000000000800f682       0x38 /opt/st/stm32cubeide_1.6.1_2/plugins/com.st.stm32cube.ide.mcu.externaltools.gnu-tools-for-stm32.9-2020-q2-update.linux64_1.5.0.202011040924/tools/bin/../lib/gcc/arm-none-eabi/9.3.1/../../../../arm-none-eabi/lib/thumb/v7e-m+fp/hard/libc_nano.a(lib_a-stdio.o)
                0x000000000800f682                __swrite
 .text.__sseek  0x000000000800f6ba       0x24 /opt/st/stm32cubeide_1.6.1_2/plugins/com.st.stm32cube.ide.mcu.externaltools.gnu-tools-for-stm32.9-2020-q2-update.linux64_1.5.0.202011040924/tools/bin/../lib/gcc/arm-none-eabi/9.3.1/../../../../arm-none-eabi/lib/thumb/v7e-m+fp/hard/libc_nano.a(lib_a-stdio.o)
                0x000000000800f6ba                __sseek
 .text.__sclose